Archive member included because of file (symbol)

contiki-z1.a(contiki-z1-plat)
                              obj_z1/contiki-z1-main.o (init_platform)
contiki-z1.a(msp430.o)        obj_z1/contiki-z1-main.o (splhigh_)
contiki-z1.a(leds.o)          obj_z1/contiki-z1-main.o (leds_init)
contiki-z1.a(watchdog.o)      obj_z1/contiki-z1-main.o (watchdog_start)
contiki-z1.a(xmem.o)          obj_z1/contiki-z1-main.o (xmem_init)
contiki-z1.a(spi.o)           contiki-z1.a(xmem.o) (spi_init)
contiki-z1.a(cc2420.o)        computeNode.co (cc2420_last_rssi)
contiki-z1.a(cc2420-arch.o)   contiki-z1.a(cc2420.o) (cc2420_arch_init)
contiki-z1.a(node-id.o)       obj_z1/contiki-z1-main.o (node_id_restore)
contiki-z1.a(sensors.o)       contiki-z1.a(contiki-z1-plat) (sensors_process)
contiki-z1.a(uart0.o)         obj_z1/contiki-z1-main.o (uart0_active)
contiki-z1.a(uart0-putchar.o)
                              obj_z1/contiki-z1-main.o (putchar)
contiki-z1.a(z1-sensors.o)    contiki-z1.a(sensors.o) (sensors_flags)
contiki-z1.a(adxl345.o)       obj_z1/contiki-z1-main.o (adxl345)
contiki-z1.a(tmp102.o)        contiki-z1.a(z1-sensors.o) (tmp102)
contiki-z1.a(clock.o)         obj_z1/contiki-z1-main.o (clock_init)
contiki-z1.a(leds-arch.o)     contiki-z1.a(leds.o) (leds_arch_init)
contiki-z1.a(rtimer-arch.o)   obj_z1/contiki-z1-main.o (rtimer_arch_now)
contiki-z1.a(autostart.o)     obj_z1/contiki-z1-main.o (autostart_start)
contiki-z1.a(ctimer.o)        obj_z1/contiki-z1-main.o (ctimer_init)
contiki-z1.a(energest.o)      obj_z1/contiki-z1-main.o (energest_init)
contiki-z1.a(etimer.o)        contiki-z1.a(clock.o) (etimer_request_poll)
contiki-z1.a(process.o)       contiki-z1.a(ctimer.o) (process_current)
contiki-z1.a(rtimer.o)        obj_z1/contiki-z1-main.o (rtimer_init)
contiki-z1.a(timer.o)         contiki-z1.a(adxl345.o) (timer_set)
contiki-z1.a(serial-line.o)   obj_z1/contiki-z1-main.o (serial_line_input_byte)
contiki-z1.a(list.o)          computeNode.co (list_init)
contiki-z1.a(memb.o)          computeNode.co (memb_init)
contiki-z1.a(random.o)        obj_z1/contiki-z1-main.o (random_init)
contiki-z1.a(ringbuf.o)       contiki-z1.a(serial-line.o) (ringbuf_init)
contiki-z1.a(broadcast.o)     computeNode.co (broadcast_open)
contiki-z1.a(channel.o)       contiki-z1.a(broadcast.o) (channel_set_attributes)
contiki-z1.a(rime.o)          obj_z1/contiki-z1-main.o (rime_driver)
contiki-z1.a(runicast.o)      computeNode.co (runicast_open)
contiki-z1.a(stunicast.o)     contiki-z1.a(runicast.o) (stunicast_open)
contiki-z1.a(unicast.o)       contiki-z1.a(stunicast.o) (unicast_open)
contiki-z1.a(linkaddr.o)      computeNode.co (linkaddr_copy)
contiki-z1.a(packetbuf.o)     contiki-z1.a(cc2420.o) (packetbuf_set_datalen)
contiki-z1.a(queuebuf.o)      contiki-z1.a(rime.o) (queuebuf_init)
contiki-z1.a(csma.o)          obj_z1/contiki-z1-main.o (csma_driver)
contiki-z1.a(mac.o)           contiki-z1.a(csma.o) (mac_call_sent_callback)
contiki-z1.a(contikimac.o)    obj_z1/contiki-z1-main.o (contikimac_driver)
contiki-z1.a(contikimac-fram)
                              contiki-z1.a(contikimac.o) (contikimac_framer)
contiki-z1.a(nullsec.o)       obj_z1/contiki-z1-main.o (nullsec_driver)
contiki-z1.a(i2cmaster.o)     contiki-z1.a(adxl345.o) (i2c_receiveinit)
contiki-z1.a(button-sensor.o)
                              contiki-z1.a(z1-sensors.o) (button_sensor)
contiki-z1.a(compower.o)      contiki-z1.a(contikimac.o) (compower_idle_activity)
contiki-z1.a(abc.o)           contiki-z1.a(broadcast.o) (abc_open)
contiki-z1.a(announcement.o)  contiki-z1.a(rime.o) (announcement_init)
contiki-z1.a(broadcast-annou)
                              contiki-z1.a(rime.o) (broadcast_announcement_init)
contiki-z1.a(chameleon.o)     contiki-z1.a(rime.o) (chameleon_init)
contiki-z1.a(framer-802154.o)
                              contiki-z1.a(contikimac-fram) (framer_802154)
contiki-z1.a(mac-sequence.o)  contiki-z1.a(contikimac.o) (mac_sequence_is_duplicate)
contiki-z1.a(chameleon-bitop)
                              contiki-z1.a(chameleon.o) (chameleon_bitopt)
contiki-z1.a(frame802154.o)   contiki-z1.a(framer-802154.o) (frame802154_get_pan_id)
/usr/local/msp430/bin/../lib/gcc/msp430/4.7.0/mcpu-430x/mmpy-16/msr20/mc20/libgcc.a(_mulsi3.o)
                              contiki-z1.a(csma.o) (__mulsi3)
/usr/local/msp430/bin/../lib/gcc/msp430/4.7.0/mcpu-430x/mmpy-16/msr20/mc20/libgcc.a(_divmod16.o)
                              contiki-z1.a(tmp102.o) (__divhi3)
/usr/local/msp430/bin/../lib/gcc/msp430/4.7.0/mcpu-430x/mmpy-16/msr20/mc20/libgcc.a(_udivmod32.o)
                              obj_z1/contiki-z1-main.o (__udivsi3)
/usr/local/msp430/bin/../lib/gcc/msp430/4.7.0/mcpu-430x/mmpy-16/msr20/mc20/libgcc.a(_addsub_sf.o)
                              computeNode.co (__addsf3)
/usr/local/msp430/bin/../lib/gcc/msp430/4.7.0/mcpu-430x/mmpy-16/msr20/mc20/libgcc.a(_mul_sf.o)
                              computeNode.co (__mulsf3)
[...]
Memory Configuration

Name             Origin             Length             Attributes
sfr              0x00000000         0x00000010
peripheral_8bit  0x00000010         0x000000f0
peripheral_16bit 0x00000100         0x00000100
ram_mirror       0x00000200         0x00000800         xw
infomem          0x00001000         0x00000100
infod            0x00001000         0x00000040
infoc            0x00001040         0x00000040
infob            0x00001080         0x00000040
infoa            0x000010c0         0x00000040
ram              0x00001100         0x00002000         xw
rom              0x00003100         0x0000cebe         xr
vectors          0x0000ffc0         0x00000040
far_rom          0x00010000         0x0000a000
bsl              0x00000000         0x00000000
ram2             0x00000000         0x00000000         xw
usbram           0x00000000         0x00000000         xw
*default*        0x00000000         0xffffffff

Linker script and memory map

LOAD /usr/local/msp430/bin/../lib/gcc/msp430/4.7.0/mcpu-430x/mmpy-16/msr20/mc20/crt0ivtbl32.o
                0x00000041                __P1SEL2 = 0x41
                0x00000045                __P5SEL2 = 0x45
LOAD computeNode.co
LOAD obj_z1/contiki-z1-main.o
LOAD contiki-z1.a
LOAD /usr/local/msp430/bin/../lib/gcc/msp430/4.7.0/mcpu-430x/mmpy-16/msr20/mc20/libgcc.a
LOAD /usr/local/msp430/bin/../lib/gcc/msp430/4.7.0/../../../../msp430/lib/mcpu-430x/mmpy-16/msr20/mc20/libc.a
LOAD /usr/local/msp430/bin/../lib/gcc/msp430/4.7.0/mcpu-430x/mmpy-16/msr20/mc20/libgcc.a
LOAD /usr/local/msp430/bin/../lib/gcc/msp430/4.7.0/mcpu-430x/mmpy-16/msr20/mc20/libcrt0.a
                0x00000040                PROVIDE (__info_segment_size, 0x40)
                0x00001000                PROVIDE (__infod, 0x1000)
                0x00001040                PROVIDE (__infoc, 0x1040)
                0x00001080                PROVIDE (__infob, 0x1080)
                0x000010c0                PROVIDE (__infoa, 0x10c0)
                0x00000000                __IE1 = 0x0
                0x00000002                __IFG1 = 0x2
                0x00000001                __IE2 = 0x1
                0x00000003                __IFG2 = 0x3
                0x00000006                __UC1IE = 0x6
                0x00000007                __UC1IFG = 0x7
                0x000001a0                __ADC12CTL0 = 0x1a0
                0x000001a2                __ADC12CTL1 = 0x1a2
                0x000001a4                __ADC12IFG = 0x1a4
                0x000001a6                __ADC12IE = 0x1a6
                0x000001a8                __ADC12IV = 0x1a8
                0x00000140                __ADC12MEM0 = 0x140
                0x00000142                __ADC12MEM1 = 0x142
                0x00000144                __ADC12MEM2 = 0x144
                0x00000146                __ADC12MEM3 = 0x146
                0x00000148                __ADC12MEM4 = 0x148
                0x0000014a                __ADC12MEM5 = 0x14a
                0x0000014c                __ADC12MEM6 = 0x14c
                0x0000014e                __ADC12MEM7 = 0x14e
                0x00000150                __ADC12MEM8 = 0x150
                0x00000152                __ADC12MEM9 = 0x152
                0x00000154                __ADC12MEM10 = 0x154
                0x00000156                __ADC12MEM11 = 0x156
                0x00000158                __ADC12MEM12 = 0x158
                0x0000015a                __ADC12MEM13 = 0x15a
                0x0000015c                __ADC12MEM14 = 0x15c
                0x0000015e                __ADC12MEM15 = 0x15e
                0x00000080                __ADC12MCTL0 = 0x80
                0x00000081                __ADC12MCTL1 = 0x81
                0x00000082                __ADC12MCTL2 = 0x82
                0x00000083                __ADC12MCTL3 = 0x83
                0x00000084                __ADC12MCTL4 = 0x84
                0x00000085                __ADC12MCTL5 = 0x85
                0x00000086                __ADC12MCTL6 = 0x86
                0x00000087                __ADC12MCTL7 = 0x87
                0x00000088                __ADC12MCTL8 = 0x88
                0x00000089                __ADC12MCTL9 = 0x89
                0x0000008a                __ADC12MCTL10 = 0x8a
                0x0000008b                __ADC12MCTL11 = 0x8b
                0x0000008c                __ADC12MCTL12 = 0x8c
                0x0000008d                __ADC12MCTL13 = 0x8d
                0x0000008e                __ADC12MCTL14 = 0x8e
                0x0000008f                __ADC12MCTL15 = 0x8f
                0x00000056                __DCOCTL = 0x56
                0x00000057                __BCSCTL1 = 0x57
                0x00000058                __BCSCTL2 = 0x58
                0x00000053                __BCSCTL3 = 0x53
                0x00000059                __CACTL1 = 0x59
                0x0000005a                __CACTL2 = 0x5a
                0x0000005b                __CAPD = 0x5b
                0x000001c0                __DAC12_0CTL = 0x1c0
                0x000001c2                __DAC12_1CTL = 0x1c2
                0x000001c8                __DAC12_0DAT = 0x1c8
                0x000001ca                __DAC12_1DAT = 0x1ca
                0x00000122                __DMACTL0 = 0x122
                0x00000124                __DMACTL1 = 0x124
                0x00000126                __DMAIV = 0x126
                0x000001d0                __DMA0CTL = 0x1d0
                0x000001dc                __DMA1CTL = 0x1dc
                0x000001e8                __DMA2CTL = 0x1e8
                0x000001d2                __DMA0SA = 0x1d2
                0x000001d2                __DMA0SAL = 0x1d2
                0x000001d6                __DMA0DA = 0x1d6
                0x000001d6                __DMA0DAL = 0x1d6
                0x000001da                __DMA0SZ = 0x1da
                0x000001de                __DMA1SA = 0x1de
                0x000001de                __DMA1SAL = 0x1de
                0x000001e2                __DMA1DA = 0x1e2
                0x000001e2                __DMA1DAL = 0x1e2
                0x000001e6                __DMA1SZ = 0x1e6
                0x000001ea                __DMA2SA = 0x1ea
                0x000001ea                __DMA2SAL = 0x1ea
                0x000001ee                __DMA2DA = 0x1ee
                0x000001ee                __DMA2DAL = 0x1ee
                0x000001f2                __DMA2SZ = 0x1f2
                0x00000128                __FCTL1 = 0x128
                0x0000012a                __FCTL2 = 0x12a
                0x0000012c                __FCTL3 = 0x12c
                0x000001be                __FCTL4 = 0x1be
                0x00000130                __MPY = 0x130
                0x00000132                __MPYS = 0x132
                0x00000134                __MAC = 0x134
                0x00000136                __MACS = 0x136
                0x00000138                __OP2 = 0x138
                0x0000013a                __RESLO = 0x13a
                0x0000013c                __RESHI = 0x13c
                0x0000013e                __SUMEXT = 0x13e
                0x00000020                __P1IN = 0x20
                0x00000021                __P1OUT = 0x21
                0x00000022                __P1DIR = 0x22
                0x00000023                __P1IFG = 0x23
                0x00000024                __P1IES = 0x24
                0x00000025                __P1IE = 0x25
                0x00000026                __P1SEL = 0x26
                0x00000027                __P1REN = 0x27
                0x00000028                __P2IN = 0x28
                0x00000029                __P2OUT = 0x29
                0x0000002a                __P2DIR = 0x2a
                0x0000002b                __P2IFG = 0x2b
                0x0000002c                __P2IES = 0x2c
                0x0000002d                __P2IE = 0x2d
                0x0000002e                __P2SEL = 0x2e
                0x0000002f                __P2REN = 0x2f
                0x00000018                __P3IN = 0x18
                0x00000019                __P3OUT = 0x19
                0x0000001a                __P3DIR = 0x1a
                0x0000001b                __P3SEL = 0x1b
                0x00000010                __P3REN = 0x10
                0x0000001c                __P4IN = 0x1c
                0x0000001d                __P4OUT = 0x1d
                0x0000001e                __P4DIR = 0x1e
                0x0000001f                __P4SEL = 0x1f
                0x00000011                __P4REN = 0x11
                0x00000030                __P5IN = 0x30
                0x00000031                __P5OUT = 0x31
                0x00000032                __P5DIR = 0x32
                0x00000033                __P5SEL = 0x33
                0x00000012                __P5REN = 0x12
                0x00000034                __P6IN = 0x34
                0x00000035                __P6OUT = 0x35
                0x00000036                __P6DIR = 0x36
                0x00000037                __P6SEL = 0x37
                0x00000013                __P6REN = 0x13
                0x00000038                __P7IN = 0x38
                0x0000003a                __P7OUT = 0x3a
                0x0000003c                __P7DIR = 0x3c
                0x0000003e                __P7SEL = 0x3e
                0x00000014                __P7REN = 0x14
                0x00000039                __P8IN = 0x39
                0x0000003b                __P8OUT = 0x3b
                0x0000003d                __P8DIR = 0x3d
                0x0000003f                __P8SEL = 0x3f
                0x00000015                __P8REN = 0x15
                0x00000038                __PAIN = 0x38
                0x0000003a                __PAOUT = 0x3a
                0x0000003c                __PADIR = 0x3c
                0x0000003e                __PASEL = 0x3e
                0x00000014                __PAREN = 0x14
                0x00000055                __SVSCTL = 0x55
                0x0000012e                __TAIV = 0x12e
                0x00000160                __TACTL = 0x160
                0x00000162                __TACCTL0 = 0x162
                0x00000164                __TACCTL1 = 0x164
                0x00000166                __TACCTL2 = 0x166
                0x00000170                __TAR = 0x170
                0x00000172                __TACCR0 = 0x172
                0x00000174                __TACCR1 = 0x174
                0x00000176                __TACCR2 = 0x176
                0x0000011e                __TBIV = 0x11e
                0x00000180                __TBCTL = 0x180
                0x00000182                __TBCCTL0 = 0x182
                0x00000184                __TBCCTL1 = 0x184
                0x00000186                __TBCCTL2 = 0x186
                0x00000188                __TBCCTL3 = 0x188
                0x0000018a                __TBCCTL4 = 0x18a
                0x0000018c                __TBCCTL5 = 0x18c
                0x0000018e                __TBCCTL6 = 0x18e
                0x00000190                __TBR = 0x190
                0x00000192                __TBCCR0 = 0x192
                0x00000194                __TBCCR1 = 0x194
                0x00000196                __TBCCR2 = 0x196
                0x00000198                __TBCCR3 = 0x198
                0x0000019a                __TBCCR4 = 0x19a
                0x0000019c                __TBCCR5 = 0x19c
                0x0000019e                __TBCCR6 = 0x19e
                0x00000060                __UCA0CTL0 = 0x60
                0x00000061                __UCA0CTL1 = 0x61
                0x00000062                __UCA0BR0 = 0x62
                0x00000063                __UCA0BR1 = 0x63
                0x00000064                __UCA0MCTL = 0x64
                0x00000065                __UCA0STAT = 0x65
                0x00000066                __UCA0RXBUF = 0x66
                0x00000067                __UCA0TXBUF = 0x67
                0x0000005d                __UCA0ABCTL = 0x5d
                0x0000005e                __UCA0IRTCTL = 0x5e
                0x0000005f                __UCA0IRRCTL = 0x5f
                0x00000068                __UCB0CTL0 = 0x68
                0x00000069                __UCB0CTL1 = 0x69
                0x0000006a                __UCB0BR0 = 0x6a
                0x0000006b                __UCB0BR1 = 0x6b
                0x0000006c                __UCB0I2CIE = 0x6c
                0x0000006d                __UCB0STAT = 0x6d
                0x0000006e                __UCB0RXBUF = 0x6e
                0x0000006f                __UCB0TXBUF = 0x6f
                0x00000118                __UCB0I2COA = 0x118
                0x0000011a                __UCB0I2CSA = 0x11a
                0x000000d0                __UCA1CTL0 = 0xd0
                0x000000d1                __UCA1CTL1 = 0xd1
                0x000000d2                __UCA1BR0 = 0xd2
                0x000000d3                __UCA1BR1 = 0xd3
                0x000000d4                __UCA1MCTL = 0xd4
                0x000000d5                __UCA1STAT = 0xd5
                0x000000d6                __UCA1RXBUF = 0xd6
                0x000000d7                __UCA1TXBUF = 0xd7
                0x000000cd                __UCA1ABCTL = 0xcd
                0x000000ce                __UCA1IRTCTL = 0xce
                0x000000cf                __UCA1IRRCTL = 0xcf
                0x000000d8                __UCB1CTL0 = 0xd8
                0x000000d9                __UCB1CTL1 = 0xd9
                0x000000da                __UCB1BR0 = 0xda
                0x000000db                __UCB1BR1 = 0xdb
                0x000000dc                __UCB1I2CIE = 0xdc
                0x000000dd                __UCB1STAT = 0xdd
                0x000000de                __UCB1RXBUF = 0xde
                0x000000df                __UCB1TXBUF = 0xdf
                0x0000017c                __UCB1I2COA = 0x17c
                0x0000017e                __UCB1I2CSA = 0x17e
                0x00000120                __WDTCTL = 0x120
                0x000010c0                __TLV_CHECKSUM = 0x10c0
                0x000010f6                __TLV_DCO_30_TAG = 0x10f6
                0x000010f7                __TLV_DCO_30_LEN = 0x10f7
                0x000010da                __TLV_ADC12_1_TAG = 0x10da
                0x000010db                __TLV_ADC12_1_LEN = 0x10db
                0x000010f8                __CALDCO_16MHZ = 0x10f8
                0x000010f9                __CALBC1_16MHZ = 0x10f9
                0x000010fa                __CALDCO_12MHZ = 0x10fa
                0x000010fb                __CALBC1_12MHZ = 0x10fb
                0x000010fc                __CALDCO_8MHZ = 0x10fc
                0x000010fd                __CALBC1_8MHZ = 0x10fd
                0x000010fe                __CALDCO_1MHZ = 0x10fe
                0x000010ff                __CALBC1_1MHZ = 0x10ff

.hash
 *(.hash)

.dynsym
 *(.dynsym)

.dynstr
 *(.dynstr)

.gnu.version
 *(.gnu.version)

.gnu.version_d
 *(.gnu.version_d)

.gnu.version_r
 *(.gnu.version_r)

.rel.init
 *(.rel.init)

.rela.init
 *(.rela.init)

.rel.fini
 *(.rel.fini)

.rela.fini
 *(.rela.fini)

.rel.text
 *(.rel.text .rel.text.* .rel.gnu.linkonce.t.*)

.rela.text
 *(.rela.text .rela.text.* .rela.gnu.linkonce.t.*)

.rel.rodata
 *(.rel.rodata .rel.rodata.* .rel.gnu.linkonce.r.*)

.rela.rodata
 *(.rela.rodata .rela.rodata.* .rela.gnu.linkonce.r.*)

.rel.data
 *(.rel.data .rel.data.* .rel.gnu.linkonce.d.*)

.rela.data
 *(.rela.data .rela.data.* .rela.gnu.linkonce.d.*)

.rel.bss
 *(.rel.bss .rel.bss.* .rel.gnu.linkonce.b.*)

.rela.bss
 *(.rela.bss .rela.bss.* .rela.gnu.linkonce.b.*)

.rel.ctors
 *(.rel.ctors)

.rela.ctors
 *(.rela.ctors)

.rel.dtors
 *(.rel.dtors)

.rela.dtors
 *(.rela.dtors)

.rel.got
 *(.rel.got)

.rela.got
 *(.rela.got)

.rel.plt
 *(.rel.plt)

.rela.plt
 *(.rela.plt)

.text           0x00003100     0x6180
                0x00003100                . = ALIGN (0x2)
 *(.init .init.*)
 *(.init0)
 .init0         0x00003100        0x0 /usr/local/msp430/bin/../lib/gcc/msp430/4.7.0/mcpu-430x/mmpy-16/msr20/mc20/libcrt0.a(_reset_vector__.o)
                0x00003100                _reset_vector__
 *(.init1)
 .init1         0x00003100        0xc /usr/local/msp430/bin/../lib/gcc/msp430/4.7.0/mcpu-430x/mmpy-16/msr20/mc20/libcrt0.a(__watchdog_support.o)
                0x00003100                __watchdog_support
 *(.init2)
 .init2         0x0000310c        0x4 /usr/local/msp430/bin/../lib/gcc/msp430/4.7.0/mcpu-430x/mmpy-16/msr20/mc20/libcrt0.a(__init_stack.o)
                0x0000310c                __init_stack
 *(.init3)
 .init3         0x00003110        0x0 /usr/local/msp430/bin/../lib/gcc/msp430/4.7.0/mcpu-430x/mmpy-16/msr20/mc20/libcrt0.a(__low_level_init.o)
                0x00003110                __low_level_init
 *(.init4)
 .init4         0x00003110       0x18 /usr/local/msp430/bin/../lib/gcc/msp430/4.7.0/mcpu-430x/mmpy-16/msr20/mc20/libcrt0.a(_copy_data.o)
                0x00003110                __do_copy_data
 .init4         0x00003128       0x16 /usr/local/msp430/bin/../lib/gcc/msp430/4.7.0/mcpu-430x/mmpy-16/msr20/mc20/libcrt0.a(_clear_bss.o)
                0x00003128                __do_clear_bss
 *(.init5)
 *(.init6)
 *(.init7)
 *(.init8)
 *(.init9)
 .init9         0x0000313e      0x2ee obj_z1/contiki-z1-main.o
                0x0000313e                main
 *(.fini9)
 .fini9         0x0000342c        0x0 /usr/local/msp430/bin/../lib/gcc/msp430/4.7.0/mcpu-430x/mmpy-16/msr20/mc20/libcrt0.a(__stop_progExec__.o)
                0x0000342c                __stop_progExec__
 *(.fini8)
 *(.fini7)
 *(.fini6)
 *(.fini5)
 *(.fini4)
 *(.fini3)
 *(.fini2)
 *(.fini1)
 *(.fini0)
 .fini0         0x0000342c        0x6 /usr/local/msp430/bin/../lib/gcc/msp430/4.7.0/mcpu-430x/mmpy-16/msr20/mc20/libcrt0.a(_endless_loop__.o)
                0x0000342c                _endless_loop__
 *(.fini .fini.*)
                0x00003432                . = ALIGN (0x2)
                0x00003432                __ctors_start = .
 *(.ctors)
                0x00003432                __ctors_end = .
                0x00003432                __dtors_start = .
 *(.dtors)
                0x00003432                __dtors_end = .
                0x00003432                . = ALIGN (0x2)
 *(.text .text.* .gnu.linkonce.t.*)
 .text          0x00003432        0x4 /usr/local/msp430/bin/../lib/gcc/msp430/4.7.0/mcpu-430x/mmpy-16/msr20/mc20/crt0ivtbl32.o
                0x00003432                __isr_14
                0x00003432                __isr_4
                0x00003432                __isr_29
                0x00003432                __isr_11
                0x00003432                __isr_5
                0x00003432                __isr_2
                0x00003432                __isr_10
                0x00003432                __isr_7
                0x00003432                __isr_0
                0x00003432                __isr_28
                0x00003432                __isr_8
                0x00003432                __isr_20
                0x00003432                __isr_3
                0x00003432                __isr_12
                0x00003432                __isr_13
                0x00003432                __isr_27
                0x00003432                __isr_9
                0x00003432                __isr_30
                0x00003432                __isr_6
                0x00003432                __isr_22
                0x00003432                __isr_1
                0x00003432                __isr_15
                0x00003432                __isr_21
 .text.libgcc   0x00003436       0x26 /usr/local/msp430/bin/../lib/gcc/msp430/4.7.0/mcpu-430x/mmpy-16/msr20/mc20/libgcc.a(_mulsi3.o)
                0x00003436                __mulsi3
 .text.libgcc   0x0000345c       0x38 /usr/local/msp430/bin/../lib/gcc/msp430/4.7.0/mcpu-430x/mmpy-16/msr20/mc20/libgcc.a(_udivmod32.o)
                0x0000345c                __udivsi3
                0x0000345c                __ext_udivmod32
                0x0000348a                __umodsi3
 .text          0x00003494      0x2f0 /usr/local/msp430/bin/../lib/gcc/msp430/4.7.0/mcpu-430x/mmpy-16/msr20/mc20/libgcc.a(_addsub_sf.o)
                0x000036e8                __addsf3
                0x00003734                __subsf3
 .text          0x00003784      0x1f2 /usr/local/msp430/bin/../lib/gcc/msp430/4.7.0/mcpu-430x/mmpy-16/msr20/mc20/libgcc.a(_mul_sf.o)
                0x00003784                __mulsf3
 .text          0x00003976      0x142 /usr/local/msp430/bin/../lib/gcc/msp430/4.7.0/mcpu-430x/mmpy-16/msr20/mc20/libgcc.a(_div_sf.o)
                0x00003976                __divsf3
 .text          0x00003ab8       0x4e /usr/local/msp430/bin/../lib/gcc/msp430/4.7.0/mcpu-430x/mmpy-16/msr20/mc20/libgcc.a(_gt_sf.o)
                0x00003ab8                __gtsf2
 .text          0x00003b06       0xa4 /usr/local/msp430/bin/../lib/gcc/msp430/4.7.0/mcpu-430x/mmpy-16/msr20/mc20/libgcc.a(_si_to_sf.o)
                0x00003b06                __floatsisf
 .text.libgcc   0x00003baa       0x22 /usr/local/msp430/bin/../lib/gcc/msp430/4.7.0/mcpu-430x/mmpy-16/msr20/mc20/libgcc.a(_udivmod16.o)
                0x00003baa                __udivhi3
                0x00003baa                __ext_udivmod16
                0x00003bc4                __umodhi3
 .text          0x00003bcc       0x6a /usr/local/msp430/bin/../lib/gcc/msp430/4.7.0/mcpu-430x/mmpy-16/msr20/mc20/libgcc.a(_clzsi2.o)
                0x00003bcc                __clzsi2
 .text          0x00003c36      0x1c8 /usr/local/msp430/bin/../lib/gcc/msp430/4.7.0/mcpu-430x/mmpy-16/msr20/mc20/libgcc.a(_pack_sf.o)
                0x00003c36                __pack_f
 .text          0x00003dfe      0x10c /usr/local/msp430/bin/../lib/gcc/msp430/4.7.0/mcpu-430x/mmpy-16/msr20/mc20/libgcc.a(_unpack_sf.o)
                0x00003dfe                __unpack_f
 .text          0x00003f0a       0xa4 /usr/local/msp430/bin/../lib/gcc/msp430/4.7.0/mcpu-430x/mmpy-16/msr20/mc20/libgcc.a(_fpcmp_parts_sf.o)
                0x00003f0a                __fpcmp_parts_f
 .text.printf   0x00003fae       0x10 /usr/local/msp430/bin/../lib/gcc/msp430/4.7.0/../../../../msp430/lib/mcpu-430x/mmpy-16/msr20/mc20/libc.a(printf.o)
                0x00003fae                printf
 .text.print_field
                0x00003fbe      0x176 /usr/local/msp430/bin/../lib/gcc/msp430/4.7.0/../../../../msp430/lib/mcpu-430x/mmpy-16/msr20/mc20/libc.a(vuprintf.o)
 .text.vuprintf
                0x00004134      0x74c /usr/local/msp430/bin/../lib/gcc/msp430/4.7.0/../../../../msp430/lib/mcpu-430x/mmpy-16/msr20/mc20/libc.a(vuprintf.o)
                0x00004134                vuprintf
 .text.puts     0x00004880       0x2c /usr/local/msp430/bin/../lib/gcc/msp430/4.7.0/../../../../msp430/lib/mcpu-430x/mmpy-16/msr20/mc20/libc.a(puts.o)
                0x00004880                puts
 .text.rand     0x000048ac       0x26 /usr/local/msp430/bin/../lib/gcc/msp430/4.7.0/../../../../msp430/lib/mcpu-430x/mmpy-16/msr20/mc20/libc.a(rand.o)
                0x000048ac                rand
 .text.srand    0x000048d2        0xa /usr/local/msp430/bin/../lib/gcc/msp430/4.7.0/../../../../msp430/lib/mcpu-430x/mmpy-16/msr20/mc20/libc.a(rand.o)
                0x000048d2                srand
 .text.memcmp   0x000048dc       0x2c /usr/local/msp430/bin/../lib/gcc/msp430/4.7.0/../../../../msp430/lib/mcpu-430x/mmpy-16/msr20/mc20/libc.a(memcmp.o)
                0x000048dc                memcmp
 .text.memcpy   0x00004908       0xe8 /usr/local/msp430/bin/../lib/gcc/msp430/4.7.0/../../../../msp430/lib/mcpu-430x/mmpy-16/msr20/mc20/libc.a(memcpy.o)
                0x00004908                memcpy
 .text.memset   0x000049f0       0x5c /usr/local/msp430/bin/../lib/gcc/msp430/4.7.0/../../../../msp430/lib/mcpu-430x/mmpy-16/msr20/mc20/libc.a(memset.o)
                0x000049f0                memset
 .text.libgcc   0x00004a4c       0xbc /usr/local/msp430/bin/../lib/gcc/msp430/4.7.0/mcpu-430x/mmpy-16/msr20/mc20/libgcc.a(_udivmod64.o)
                0x00004a4c                __xabi_udivmod64
                0x00004a9e                __udivdi3
                0x00004ab8                __umoddi3
                0x00004ada                __udivmoddi4
 .text.crt0     0x00004b08        0x2 /usr/local/msp430/bin/../lib/gcc/msp430/4.7.0/mcpu-430x/mmpy-16/msr20/mc20/libcrt0.a(_unexpected_.o)
                0x00004b08                _unexpected_
 *(.near.text .near.text.*)
 .near.text.watchdog_interrupt
                0x00004b0a        0x6 contiki-z1.a(watchdog.o)
                0x00004b0a                __isr_26
                0x00004b0a                watchdog_interrupt
 .near.text.uart0_rx_interrupt
                0x00004b10       0x64 contiki-z1.a(uart0.o)
                0x00004b10                __isr_23
                0x00004b10                uart0_rx_interrupt
 .near.text.port1_isr
                0x00004b74       0xbe contiki-z1.a(adxl345.o)
                0x00004b74                port1_isr
                0x00004b74                __isr_18
 .near.text.timera1
                0x00004c32      0x10a contiki-z1.a(clock.o)
                0x00004c32                __isr_24
                0x00004c32                timera1
 .near.text.timera0
                0x00004d3c       0x5c contiki-z1.a(rtimer-arch.o)
                0x00004d3c                __isr_25
                0x00004d3c                timera0
 .near.text.i2c_tx_interrupt
                0x00004d98       0x84 contiki-z1.a(i2cmaster.o)
                0x00004d98                __isr_16
                0x00004d98                i2c_tx_interrupt
 .near.text.i2c_rx_interrupt
                0x00004e1c       0x14 contiki-z1.a(i2cmaster.o)
                0x00004e1c                i2c_rx_interrupt
                0x00004e1c                __isr_17
 .near.text.irq_p2
                0x00004e30       0x76 contiki-z1.a(button-sensor.o)
                0x00004e30                irq_p2
                0x00004e30                __isr_19
 .any.text.timedout_runicast
                0x00004ea6       0x1a computeNode.co
 .any.text.sent_runicast
                0x00004ec0       0x1a computeNode.co
 .any.text.process_thread_blink_process
                0x00004eda      0x102 computeNode.co
 .any.text.broadcast_recv
                0x00004fdc       0x4a computeNode.co
 .any.text.recv_runicast
                0x00005026      0x294 computeNode.co
 .any.text.init_platform
                0x000052ba        0xc contiki-z1.a(contiki-z1-plat)
                0x000052ba                init_platform
 .any.text.msp430_init_dco
                0x000052c6       0x28 contiki-z1.a(msp430.o)
                0x000052c6                msp430_init_dco
 .any.text.splhigh_
                0x000052ee        0x8 contiki-z1.a(msp430.o)
                0x000052ee                splhigh_
 .any.text.msp430_sync_dco
                0x000052f6       0x6e contiki-z1.a(msp430.o)
                0x000052f6                msp430_sync_dco
 .any.text.msp430_cpu_init
                0x00005364       0x2e contiki-z1.a(msp430.o)
                0x00005364                msp430_cpu_init
 .any.text.show_leds
                0x00005392       0xe8 contiki-z1.a(leds.o)
 .any.text.leds_init
                0x0000547a        0xa contiki-z1.a(leds.o)
                0x0000547a                leds_init
 .any.text.leds_on
                0x00005484        0xa contiki-z1.a(leds.o)
                0x00005484                leds_on
 .any.text.leds_off
                0x0000548e        0xe contiki-z1.a(leds.o)
                0x0000548e                leds_off
 .any.text.watchdog_start
                0x0000549c       0x14 contiki-z1.a(watchdog.o)
                0x0000549c                watchdog_start
 .any.text.watchdog_periodic
                0x000054b0       0x12 contiki-z1.a(watchdog.o)
                0x000054b0                watchdog_periodic
 .any.text.watchdog_stop
                0x000054c2       0x16 contiki-z1.a(watchdog.o)
                0x000054c2                watchdog_stop
 .any.text.watchdog_init
                0x000054d8       0x12 contiki-z1.a(watchdog.o)
                0x000054d8                watchdog_init
 .any.text.wait_ready
                0x000054ea       0x46 contiki-z1.a(xmem.o)
 .any.text.xmem_init
                0x00005530       0x1e contiki-z1.a(xmem.o)
                0x00005530                xmem_init
 .any.text.xmem_pread
                0x0000554e       0xc2 contiki-z1.a(xmem.o)
                0x0000554e                xmem_pread
 .any.text.spi_init
                0x00005610       0x32 contiki-z1.a(spi.o)
                0x00005610                spi_init
 .any.text.get_object
                0x00005642        0x4 contiki-z1.a(cc2420.o)
 .any.text.set_object
                0x00005646        0x4 contiki-z1.a(cc2420.o)
 .any.text.strobe
                0x0000564a       0x1a contiki-z1.a(cc2420.o)
 .any.text.getreg
                0x00005664       0x46 contiki-z1.a(cc2420.o)
 .any.text.setreg
                0x000056aa       0x44 contiki-z1.a(cc2420.o)
 .any.text.write_ram
                0x000056ee       0x72 contiki-z1.a(cc2420.o)
 .any.text.write_fifo_buf
                0x00005760       0x38 contiki-z1.a(cc2420.o)
 .any.text.get_status
                0x00005798       0x1e contiki-z1.a(cc2420.o)
 .any.text.set_txpower
                0x000057b6       0x24 contiki-z1.a(cc2420.o)
 .any.text.cc2420_receiving_packet
                0x000057da        0xa contiki-z1.a(cc2420.o)
 .any.text.pending_packet
                0x000057e4        0xa contiki-z1.a(cc2420.o)
 .any.text.on   0x000057ee       0x26 contiki-z1.a(cc2420.o)
 .any.text.wait_for_transmission
                0x00005814       0x22 contiki-z1.a(cc2420.o)
 .any.text.wait_for_status
                0x00005836       0x24 contiki-z1.a(cc2420.o)
 .any.text.getrxdata
                0x0000585a       0x4c contiki-z1.a(cc2420.o)
 .any.text.flushrx
                0x000058a6       0x1a contiki-z1.a(cc2420.o)
 .any.text.off  0x000058c0       0x5a contiki-z1.a(cc2420.o)
 .any.text.RELEASE_LOCK
                0x0000591a       0x28 contiki-z1.a(cc2420.o)
 .any.text.set_frame_filtering
                0x00005942       0x30 contiki-z1.a(cc2420.o)
 .any.text.set_auto_ack
                0x00005972       0x30 contiki-z1.a(cc2420.o)
 .any.text.set_poll_mode
                0x000059a2       0x2c contiki-z1.a(cc2420.o)
 .any.text.cc2420_prepare
                0x000059ce       0x38 contiki-z1.a(cc2420.o)
 .any.text.cc2420_on
                0x00005a06       0x22 contiki-z1.a(cc2420.o)
                0x00005a06                cc2420_on
 .any.text.cc2420_off
                0x00005a28       0x30 contiki-z1.a(cc2420.o)
                0x00005a28                cc2420_off
 .any.text.cc2420_cca
                0x00005a58       0x54 contiki-z1.a(cc2420.o)
 .any.text.cc2420_read
                0x00005aac       0xb8 contiki-z1.a(cc2420.o)
 .any.text.process_thread_cc2420_process
                0x00005b64       0x5c contiki-z1.a(cc2420.o)
 .any.text.cc2420_set_channel
                0x00005bc0       0x3a contiki-z1.a(cc2420.o)
                0x00005bc0                cc2420_set_channel
 .any.text.cc2420_set_pan_addr
                0x00005bfa       0x4c contiki-z1.a(cc2420.o)
                0x00005bfa                cc2420_set_pan_addr
 .any.text.cc2420_interrupt
                0x00005c46       0x16 contiki-z1.a(cc2420.o)
                0x00005c46                cc2420_interrupt
 .any.text.cc2420_set_txpower
                0x00005c5c        0xe contiki-z1.a(cc2420.o)
                0x00005c5c                cc2420_set_txpower
 .any.text.cc2420_get_txpower
                0x00005c6a       0x1e contiki-z1.a(cc2420.o)
                0x00005c6a                cc2420_get_txpower
 .any.text.cc2420_transmit
                0x00005c88      0x12e contiki-z1.a(cc2420.o)
 .any.text.cc2420_send
                0x00005db6       0x12 contiki-z1.a(cc2420.o)
 .any.text.cc2420_rssi
                0x00005dc8       0x48 contiki-z1.a(cc2420.o)
                0x00005dc8                cc2420_rssi
 .any.text.get_value
                0x00005e10      0x104 contiki-z1.a(cc2420.o)
 .any.text.cc2420_set_cca_threshold
                0x00005f14       0x16 contiki-z1.a(cc2420.o)
                0x00005f14                cc2420_set_cca_threshold
 .any.text.set_value
                0x00005f2a       0xb2 contiki-z1.a(cc2420.o)
 .any.text.cc2420_init
                0x00005fdc       0xea contiki-z1.a(cc2420.o)
                0x00005fdc                cc2420_init
 .any.text.cc2420_arch_init
                0x000060c6       0x1a contiki-z1.a(cc2420-arch.o)
                0x000060c6                cc2420_arch_init
 .any.text.node_id_restore
                0x000060e0       0x4c contiki-z1.a(node-id.o)
                0x000060e0                node_id_restore
 .any.text.process_thread_sensors_process
                0x0000612c       0xc2 contiki-z1.a(sensors.o)
 .any.text.sensors_changed
                0x000061ee       0x2a contiki-z1.a(sensors.o)
                0x000061ee                sensors_changed
 .any.text.uart0_active
                0x00006218        0xe contiki-z1.a(uart0.o)
                0x00006218                uart0_active
 .any.text.uart0_set_input
                0x00006226        0x6 contiki-z1.a(uart0.o)
                0x00006226                uart0_set_input
 .any.text.uart0_writeb
                0x0000622c       0x16 contiki-z1.a(uart0.o)
                0x0000622c                uart0_writeb
 .any.text.uart0_init
                0x00006242       0x4e contiki-z1.a(uart0.o)
                0x00006242                uart0_init
 .any.text.putchar
                0x00006290       0x10 contiki-z1.a(uart0-putchar.o)
                0x00006290                putchar
 .any.text.status
                0x000062a0       0x12 contiki-z1.a(adxl345.o)
 .any.text.accm_write_reg
                0x000062b2       0x2e contiki-z1.a(adxl345.o)
 .any.text.accm_write_stream
                0x000062e0       0x2a contiki-z1.a(adxl345.o)
 .any.text.accm_read_reg
                0x0000630a       0x54 contiki-z1.a(adxl345.o)
 .any.text.process_thread_accmeter_process
                0x0000635e       0x56 contiki-z1.a(adxl345.o)
 .any.text.accm_read_axis.part.0
                0x000063b4       0x5a contiki-z1.a(adxl345.o)
 .any.text.value
                0x0000640e       0x1e contiki-z1.a(adxl345.o)
 .any.text.accm_init
                0x0000642c       0x78 contiki-z1.a(adxl345.o)
                0x0000642c                accm_init
 .any.text.accm_stop
                0x000064a4       0x32 contiki-z1.a(adxl345.o)
                0x000064a4                accm_stop
 .any.text.configure
                0x000064d6       0x26 contiki-z1.a(adxl345.o)
 .any.text.status
                0x000064fc       0x12 contiki-z1.a(tmp102.o)
 .any.text.tmp102_init
                0x0000650e       0x24 contiki-z1.a(tmp102.o)
                0x0000650e                tmp102_init
 .any.text.tmp102_stop
                0x00006532        0xa contiki-z1.a(tmp102.o)
                0x00006532                tmp102_stop
 .any.text.configure
                0x0000653c       0x26 contiki-z1.a(tmp102.o)
 .any.text.tmp102_read_reg
                0x00006562       0x5e contiki-z1.a(tmp102.o)
                0x00006562                tmp102_read_reg
 .any.text.tmp102_read_temp_x100
                0x000065c0       0x58 contiki-z1.a(tmp102.o)
                0x000065c0                tmp102_read_temp_x100
 .any.text.value
                0x00006618        0x6 contiki-z1.a(tmp102.o)
 .any.text.clock_time
                0x0000661e       0x1a contiki-z1.a(clock.o)
                0x0000661e                clock_time
 .any.text.clock_init
                0x00006638       0x28 contiki-z1.a(clock.o)
                0x00006638                clock_init
 .any.text.clock_delay
                0x00006660        0xc contiki-z1.a(clock.o)
                0x00006660                clock_delay
 .any.text.clock_wait
                0x0000666c       0x24 contiki-z1.a(clock.o)
                0x0000666c                clock_wait
 .any.text.leds_arch_init
                0x00006690        0xe contiki-z1.a(leds-arch.o)
                0x00006690                leds_arch_init
 .any.text.leds_arch_set
                0x0000669e       0x38 contiki-z1.a(leds-arch.o)
                0x0000669e                leds_arch_set
 .any.text.rtimer_arch_init
                0x000066d6        0xe contiki-z1.a(rtimer-arch.o)
                0x000066d6                rtimer_arch_init
 .any.text.rtimer_arch_now
                0x000066e4        0xe contiki-z1.a(rtimer-arch.o)
                0x000066e4                rtimer_arch_now
 .any.text.rtimer_arch_schedule
                0x000066f2        0x6 contiki-z1.a(rtimer-arch.o)
                0x000066f2                rtimer_arch_schedule
 .any.text.autostart_start
                0x000066f8       0x16 contiki-z1.a(autostart.o)
                0x000066f8                autostart_start
 .any.text.process_thread_ctimer_process
                0x0000670e       0xa0 contiki-z1.a(ctimer.o)
 .any.text.ctimer_init
                0x000067ae       0x18 contiki-z1.a(ctimer.o)
                0x000067ae                ctimer_init
 .any.text.ctimer_set_with_process
                0x000067c6       0x4a contiki-z1.a(ctimer.o)
                0x000067c6                ctimer_set_with_process
 .any.text.ctimer_set
                0x00006810       0x10 contiki-z1.a(ctimer.o)
                0x00006810                ctimer_set
 .any.text.ctimer_restart
                0x00006820       0x2c contiki-z1.a(ctimer.o)
                0x00006820                ctimer_restart
 .any.text.ctimer_stop
                0x0000684c       0x28 contiki-z1.a(ctimer.o)
                0x0000684c                ctimer_stop
 .any.text.energest_init
                0x00006874       0x24 contiki-z1.a(energest.o)
                0x00006874                energest_init
 .any.text.energest_type_time
                0x00006898       0x3c contiki-z1.a(energest.o)
                0x00006898                energest_type_time
 .any.text.energest_type_set
                0x000068d4        0xc contiki-z1.a(energest.o)
                0x000068d4                energest_type_set
 .any.text.energest_flush
                0x000068e0       0x38 contiki-z1.a(energest.o)
                0x000068e0                energest_flush
 .any.text.update_time
                0x00006918       0x70 contiki-z1.a(etimer.o)
 .any.text.etimer_request_poll
                0x00006988        0xa contiki-z1.a(etimer.o)
                0x00006988                etimer_request_poll
 .any.text.process_thread_etimer_process
                0x00006992       0xc4 contiki-z1.a(etimer.o)
 .any.text.add_timer
                0x00006a56       0x40 contiki-z1.a(etimer.o)
 .any.text.etimer_set
                0x00006a96       0x12 contiki-z1.a(etimer.o)
                0x00006a96                etimer_set
 .any.text.etimer_restart
                0x00006aa8       0x12 contiki-z1.a(etimer.o)
                0x00006aa8                etimer_restart
 .any.text.etimer_expired
                0x00006aba        0xe contiki-z1.a(etimer.o)
                0x00006aba                etimer_expired
 .any.text.etimer_pending
                0x00006ac8        0xc contiki-z1.a(etimer.o)
                0x00006ac8                etimer_pending
 .any.text.etimer_next_expiration_time
                0x00006ad4       0x16 contiki-z1.a(etimer.o)
                0x00006ad4                etimer_next_expiration_time
 .any.text.etimer_stop
                0x00006aea       0x3e contiki-z1.a(etimer.o)
                0x00006aea                etimer_stop
 .any.text.call_process
                0x00006b28       0x40 contiki-z1.a(process.o)
 .any.text.exit_process
                0x00006b68       0x88 contiki-z1.a(process.o)
 .any.text.do_poll
                0x00006bf0       0x30 contiki-z1.a(process.o)
 .any.text.process_alloc_event
                0x00006c20        0xe contiki-z1.a(process.o)
                0x00006c20                process_alloc_event
 .any.text.process_init
                0x00006c2e       0x1c contiki-z1.a(process.o)
                0x00006c2e                process_init
 .any.text.process_run
                0x00006c4a       0x8c contiki-z1.a(process.o)
                0x00006c4a                process_run
 .any.text.process_nevents
                0x00006cd6        0xe contiki-z1.a(process.o)
                0x00006cd6                process_nevents
 .any.text.process_post
                0x00006ce4       0x4a contiki-z1.a(process.o)
                0x00006ce4                process_post
 .any.text.process_post_synch
                0x00006d2e       0x12 contiki-z1.a(process.o)
                0x00006d2e                process_post_synch
 .any.text.process_start
                0x00006d40       0x36 contiki-z1.a(process.o)
                0x00006d40                process_start
 .any.text.process_poll
                0x00006d76       0x18 contiki-z1.a(process.o)
                0x00006d76                process_poll
 .any.text.rtimer_init
                0x00006d8e        0x6 contiki-z1.a(rtimer.o)
                0x00006d8e                rtimer_init
 .any.text.rtimer_set
                0x00006d94       0x24 contiki-z1.a(rtimer.o)
                0x00006d94                rtimer_set
 .any.text.rtimer_run_next
                0x00006db8       0x26 contiki-z1.a(rtimer.o)
                0x00006db8                rtimer_run_next
 .any.text.timer_set
                0x00006dde       0x1c contiki-z1.a(timer.o)
                0x00006dde                timer_set
 .any.text.timer_restart
                0x00006dfa       0x14 contiki-z1.a(timer.o)
                0x00006dfa                timer_restart
 .any.text.timer_expired
                0x00006e0e       0x2a contiki-z1.a(timer.o)
                0x00006e0e                timer_expired
 .any.text.process_thread_serial_line_process
                0x00006e38       0x9e contiki-z1.a(serial-line.o)
 .any.text.serial_line_input_byte
                0x00006ed6       0x4a contiki-z1.a(serial-line.o)
                0x00006ed6                serial_line_input_byte
 .any.text.serial_line_init
                0x00006f20       0x1c contiki-z1.a(serial-line.o)
                0x00006f20                serial_line_init
 .any.text.list_init
                0x00006f3c        0x6 contiki-z1.a(list.o)
                0x00006f3c                list_init
 .any.text.list_head
                0x00006f42        0x4 contiki-z1.a(list.o)
                0x00006f42                list_head
 .any.text.list_tail
                0x00006f46       0x12 contiki-z1.a(list.o)
                0x00006f46                list_tail
 .any.text.list_chop
                0x00006f58       0x1a contiki-z1.a(list.o)
                0x00006f58                list_chop
 .any.text.list_remove
                0x00006f72       0x34 contiki-z1.a(list.o)
                0x00006f72                list_remove
 .any.text.list_push
                0x00006fa6       0x16 contiki-z1.a(list.o)
                0x00006fa6                list_push
 .any.text.list_add
                0x00006fbc       0x26 contiki-z1.a(list.o)
                0x00006fbc                list_add
 .any.text.list_length
                0x00006fe2       0x10 contiki-z1.a(list.o)
                0x00006fe2                list_length
 .any.text.list_item_next
                0x00006ff2        0xc contiki-z1.a(list.o)
                0x00006ff2                list_item_next
 .any.text.memb_init
                0x00006ffe       0x36 contiki-z1.a(memb.o)
                0x00006ffe                memb_init
 .any.text.memb_alloc
                0x00007034       0x3e contiki-z1.a(memb.o)
                0x00007034                memb_alloc
 .any.text.memb_free
                0x00007072       0x3a contiki-z1.a(memb.o)
                0x00007072                memb_free
 .any.text.memb_inmemb
                0x000070ac       0x2a contiki-z1.a(memb.o)
                0x000070ac                memb_inmemb
 .any.text.random_init
                0x000070d6        0x6 contiki-z1.a(random.o)
                0x000070d6                random_init
 .any.text.random_rand
                0x000070dc        0x6 contiki-z1.a(random.o)
                0x000070dc                random_rand
 .any.text.ringbuf_init
                0x000070e2       0x14 contiki-z1.a(ringbuf.o)
                0x000070e2                ringbuf_init
 .any.text.ringbuf_put
                0x000070f6       0x38 contiki-z1.a(ringbuf.o)
                0x000070f6                ringbuf_put
 .any.text.ringbuf_get
                0x0000712e       0x2e contiki-z1.a(ringbuf.o)
                0x0000712e                ringbuf_get
 .any.text.sent_by_abc
                0x0000715c       0x10 contiki-z1.a(broadcast.o)
 .any.text.recv_from_abc
                0x0000716c       0x26 contiki-z1.a(broadcast.o)
 .any.text.broadcast_open
                0x00007192       0x22 contiki-z1.a(broadcast.o)
                0x00007192                broadcast_open
 .any.text.broadcast_close
                0x000071b4        0x6 contiki-z1.a(broadcast.o)
                0x000071b4                broadcast_close
 .any.text.broadcast_send
                0x000071ba       0x1a contiki-z1.a(broadcast.o)
                0x000071ba                broadcast_send
 .any.text.channel_init
                0x000071d4        0xa contiki-z1.a(channel.o)
                0x000071d4                channel_init
 .any.text.channel_open
                0x000071de       0x10 contiki-z1.a(channel.o)
                0x000071de                channel_open
 .any.text.channel_close
                0x000071ee        0xc contiki-z1.a(channel.o)
                0x000071ee                channel_close
 .any.text.channel_lookup
                0x000071fa       0x20 contiki-z1.a(channel.o)
                0x000071fa                channel_lookup
 .any.text.channel_set_attributes
                0x0000721a       0x20 contiki-z1.a(channel.o)
                0x0000721a                channel_set_attributes
 .any.text.input
                0x0000723a       0x36 contiki-z1.a(rime.o)
 .any.text.init
                0x00007270       0x2e contiki-z1.a(rime.o)
 .any.text.packet_sent
                0x0000729e       0x38 contiki-z1.a(rime.o)
 .any.text.rime_output
                0x000072d6       0x24 contiki-z1.a(rime.o)
                0x000072d6                rime_output
 .any.text.sent_by_stunicast
                0x000072fa       0x56 contiki-z1.a(runicast.o)
 .any.text.recv_from_stunicast
                0x00007350       0x92 contiki-z1.a(runicast.o)
 .any.text.runicast_open
                0x000073e2       0x2e contiki-z1.a(runicast.o)
                0x000073e2                runicast_open
 .any.text.runicast_is_transmitting
                0x00007410        0x6 contiki-z1.a(runicast.o)
                0x00007410                runicast_is_transmitting
 .any.text.runicast_send
                0x00007416       0x48 contiki-z1.a(runicast.o)
                0x00007416                runicast_send
 .any.text.recv_from_uc
                0x0000745e        0xe contiki-z1.a(stunicast.o)
 .any.text.sent_by_uc
                0x0000746c       0x10 contiki-z1.a(stunicast.o)
 .any.text.send
                0x0000747c       0x2a contiki-z1.a(stunicast.o)
 .any.text.stunicast_open
                0x000074a6       0x16 contiki-z1.a(stunicast.o)
                0x000074a6                stunicast_open
 .any.text.stunicast_receiver
                0x000074bc        0x6 contiki-z1.a(stunicast.o)
                0x000074bc                stunicast_receiver
 .any.text.stunicast_send_stubborn
                0x000074c2       0x58 contiki-z1.a(stunicast.o)
                0x000074c2                stunicast_send_stubborn
 .any.text.stunicast_send
                0x0000751a        0x6 contiki-z1.a(stunicast.o)
                0x0000751a                stunicast_send
 .any.text.stunicast_cancel
                0x00007520       0x20 contiki-z1.a(stunicast.o)
                0x00007520                stunicast_cancel
 .any.text.sent_by_broadcast
                0x00007540       0x10 contiki-z1.a(unicast.o)
 .any.text.recv_from_broadcast
                0x00007550       0x2a contiki-z1.a(unicast.o)
 .any.text.unicast_open
                0x0000757a       0x22 contiki-z1.a(unicast.o)
                0x0000757a                unicast_open
 .any.text.unicast_send
                0x0000759c       0x16 contiki-z1.a(unicast.o)
                0x0000759c                unicast_send
 .any.text.linkaddr_copy
                0x000075b2        0xc contiki-z1.a(linkaddr.o)
                0x000075b2                linkaddr_copy
 .any.text.linkaddr_cmp
                0x000075be       0x12 contiki-z1.a(linkaddr.o)
                0x000075be                linkaddr_cmp
 .any.text.linkaddr_set_node_addr
                0x000075d0        0xc contiki-z1.a(linkaddr.o)
                0x000075d0                linkaddr_set_node_addr
 .any.text.packetbuf_hdrreduce
                0x000075dc       0x1a contiki-z1.a(packetbuf.o)
                0x000075dc                packetbuf_hdrreduce
 .any.text.packetbuf_set_datalen
                0x000075f6        0x6 contiki-z1.a(packetbuf.o)
                0x000075f6                packetbuf_set_datalen
 .any.text.packetbuf_hdrptr
                0x000075fc        0x6 contiki-z1.a(packetbuf.o)
                0x000075fc                packetbuf_hdrptr
 .any.text.packetbuf_datalen
                0x00007602        0x6 contiki-z1.a(packetbuf.o)
                0x00007602                packetbuf_datalen
 .any.text.packetbuf_hdrlen
                0x00007608        0xa contiki-z1.a(packetbuf.o)
                0x00007608                packetbuf_hdrlen
 .any.text.packetbuf_dataptr
                0x00007612        0xc contiki-z1.a(packetbuf.o)
                0x00007612                packetbuf_dataptr
 .any.text.packetbuf_copyto
                0x0000761e       0x3a contiki-z1.a(packetbuf.o)
                0x0000761e                packetbuf_copyto
 .any.text.packetbuf_compact
                0x00007658       0x3c contiki-z1.a(packetbuf.o)
                0x00007658                packetbuf_compact
 .any.text.packetbuf_totlen
                0x00007694        0xc contiki-z1.a(packetbuf.o)
                0x00007694                packetbuf_totlen
 .any.text.packetbuf_hdralloc
                0x000076a0       0x3c contiki-z1.a(packetbuf.o)
                0x000076a0                packetbuf_hdralloc
 .any.text.packetbuf_attr_clear
                0x000076dc       0x2c contiki-z1.a(packetbuf.o)
                0x000076dc                packetbuf_attr_clear
 .any.text.packetbuf_clear
                0x00007708       0x12 contiki-z1.a(packetbuf.o)
                0x00007708                packetbuf_clear
 .any.text.packetbuf_copyfrom
                0x0000771a       0x2a contiki-z1.a(packetbuf.o)
                0x0000771a                packetbuf_copyfrom
 .any.text.packetbuf_attr_copyto
                0x00007744       0x20 contiki-z1.a(packetbuf.o)
                0x00007744                packetbuf_attr_copyto
 .any.text.packetbuf_attr_copyfrom
                0x00007764       0x22 contiki-z1.a(packetbuf.o)
                0x00007764                packetbuf_attr_copyfrom
 .any.text.packetbuf_holds_broadcast
                0x00007786        0xe contiki-z1.a(packetbuf.o)
                0x00007786                packetbuf_holds_broadcast
 .any.text.queuebuf_init
                0x00007794       0x12 contiki-z1.a(queuebuf.o)
                0x00007794                queuebuf_init
 .any.text.queuebuf_new_from_packetbuf
                0x000077a6       0x4e contiki-z1.a(queuebuf.o)
                0x000077a6                queuebuf_new_from_packetbuf
 .any.text.queuebuf_update_attr_from_packetbuf
                0x000077f4       0x12 contiki-z1.a(queuebuf.o)
                0x000077f4                queuebuf_update_attr_from_packetbuf
 .any.text.queuebuf_update_from_packetbuf
                0x00007806       0x22 contiki-z1.a(queuebuf.o)
                0x00007806                queuebuf_update_from_packetbuf
 .any.text.queuebuf_free
                0x00007828       0x2a contiki-z1.a(queuebuf.o)
                0x00007828                queuebuf_free
 .any.text.queuebuf_to_packetbuf
                0x00007852       0x32 contiki-z1.a(queuebuf.o)
                0x00007852                queuebuf_to_packetbuf
 .any.text.queuebuf_attr
                0x00007884        0xe contiki-z1.a(queuebuf.o)
                0x00007884                queuebuf_attr
 .any.text.input_packet
                0x00007892        0x6 contiki-z1.a(csma.o)
 .any.text.on   0x00007898        0x6 contiki-z1.a(csma.o)
 .any.text.off  0x0000789e        0x6 contiki-z1.a(csma.o)
 .any.text.channel_check_interval
                0x000078a4       0x10 contiki-z1.a(csma.o)
 .any.text.transmit_packet_list
                0x000078b4       0x24 contiki-z1.a(csma.o)
 .any.text.schedule_transmission
                0x000078d8       0x82 contiki-z1.a(csma.o)
 .any.text.init
                0x0000795a       0x1a contiki-z1.a(csma.o)
 .any.text.tx_done
                0x00007974       0x84 contiki-z1.a(csma.o)
 .any.text.send_packet
                0x000079f8      0x164 contiki-z1.a(csma.o)
 .any.text.packet_sent
                0x00007b5c       0xca contiki-z1.a(csma.o)
 .any.text.mac_call_sent_callback
                0x00007c26       0x14 contiki-z1.a(mac.o)
                0x00007c26                mac_call_sent_callback
 .any.text.duty_cycle
                0x00007c3a        0x6 contiki-z1.a(contikimac.o)
 .any.text.init
                0x00007c40       0x2a contiki-z1.a(contikimac.o)
 .any.text.on   0x00007c6a       0x1a contiki-z1.a(contikimac.o)
 .any.text.off  0x00007c84       0x22 contiki-z1.a(contikimac.o)
 .any.text.recv_burst_off
                0x00007ca6        0xa contiki-z1.a(contikimac.o)
 .any.text.turn_off
                0x00007cb0       0x20 contiki-z1.a(contikimac.o)
 .any.text.turn_on
                0x00007cd0       0x30 contiki-z1.a(contikimac.o)
 .any.text.schedule_powercycle_fixed.part.4
                0x00007d00       0x32 contiki-z1.a(contikimac.o)
 .any.text.powercycle_turn_radio_off
                0x00007d32       0x30 contiki-z1.a(contikimac.o)
 .any.text.input_packet
                0x00007d62       0xb6 contiki-z1.a(contikimac.o)
 .any.text.send_packet.isra.8
                0x00007e18      0x1f0 contiki-z1.a(contikimac.o)
 .any.text.qsend_list
                0x00008008       0xbe contiki-z1.a(contikimac.o)
 .any.text.qsend_packet
                0x000080c6       0x28 contiki-z1.a(contikimac.o)
 .any.text.powercycle_wrapper
                0x000080ee      0x1c2 contiki-z1.a(contikimac.o)
 .any.text.hdr_length
                0x000082b0        0x8 contiki-z1.a(contikimac-fram)
 .any.text.parse
                0x000082b8       0x36 contiki-z1.a(contikimac-fram)
 .any.text.create
                0x000082ee       0x70 contiki-z1.a(contikimac-fram)
 .any.text.init
                0x0000835e        0x2 contiki-z1.a(nullsec.o)
 .any.text.send
                0x00008360        0xa contiki-z1.a(nullsec.o)
 .any.text.input
                0x0000836a        0x6 contiki-z1.a(nullsec.o)
 .any.text.i2c_receiveinit
                0x00008370       0x36 contiki-z1.a(i2cmaster.o)
                0x00008370                i2c_receiveinit
 .any.text.i2c_transmitinit
                0x000083a6       0x30 contiki-z1.a(i2cmaster.o)
                0x000083a6                i2c_transmitinit
 .any.text.i2c_receive_n
                0x000083d6       0x3e contiki-z1.a(i2cmaster.o)
                0x000083d6                i2c_receive_n
 .any.text.i2c_busy
                0x00008414        0xa contiki-z1.a(i2cmaster.o)
                0x00008414                i2c_busy
 .any.text.i2c_enable
                0x0000841e       0x22 contiki-z1.a(i2cmaster.o)
                0x0000841e                i2c_enable
 .any.text.i2c_transmit_n
                0x00008440       0x14 contiki-z1.a(i2cmaster.o)
                0x00008440                i2c_transmit_n
 .any.text.status
                0x00008454       0x18 contiki-z1.a(button-sensor.o)
 .any.text.value
                0x0000846c       0x20 contiki-z1.a(button-sensor.o)
 .any.text.configure
                0x0000848c       0x4e contiki-z1.a(button-sensor.o)
 .any.text.compower_accumulate
                0x000084da       0x6a contiki-z1.a(compower.o)
                0x000084da                compower_accumulate
 .any.text.compower_clear
                0x00008544       0x12 contiki-z1.a(compower.o)
                0x00008544                compower_clear
 .any.text.compower_attrconv
                0x00008556       0x10 contiki-z1.a(compower.o)
                0x00008556                compower_attrconv
 .any.text.abc_open
                0x00008566       0x1e contiki-z1.a(abc.o)
                0x00008566                abc_open
 .any.text.abc_close
                0x00008584        0x6 contiki-z1.a(abc.o)
                0x00008584                abc_close
 .any.text.abc_send
                0x0000858a        0x6 contiki-z1.a(abc.o)
                0x0000858a                abc_send
 .any.text.abc_input
                0x00008590        0xe contiki-z1.a(abc.o)
                0x00008590                abc_input
 .any.text.abc_sent
                0x0000859e       0x10 contiki-z1.a(abc.o)
                0x0000859e                abc_sent
 .any.text.announcement_init
                0x000085ae        0xa contiki-z1.a(announcement.o)
                0x000085ae                announcement_init
 .any.text.announcement_register_observer_callback
                0x000085b8        0x6 contiki-z1.a(announcement.o)
                0x000085b8                announcement_register_observer_callback
 .any.text.announcement_list
                0x000085be        0xa contiki-z1.a(announcement.o)
                0x000085be                announcement_list
 .any.text.announcement_heard
                0x000085c8       0x36 contiki-z1.a(announcement.o)
                0x000085c8                announcement_heard
 .any.text.adv_packet_sent
                0x000085fe        0x2 contiki-z1.a(broadcast-annou)
 .any.text.adv_packet_received
                0x00008600       0x56 contiki-z1.a(broadcast-annou)
 .any.text.set_timers
                0x00008656       0x4a contiki-z1.a(broadcast-annou)
 .any.text.send_timer
                0x000086a0       0x32 contiki-z1.a(broadcast-annou)
 .any.text.send_adv
                0x000086d2       0x60 contiki-z1.a(broadcast-annou)
 .any.text.new_announcement
                0x00008732       0x18 contiki-z1.a(broadcast-annou)
 .any.text.broadcast_announcement_init
                0x0000874a       0x44 contiki-z1.a(broadcast-annou)
                0x0000874a                broadcast_announcement_init
 .any.text.chameleon_init
                0x0000878e        0x6 contiki-z1.a(chameleon.o)
                0x0000878e                chameleon_init
 .any.text.chameleon_parse
                0x00008794       0x10 contiki-z1.a(chameleon.o)
                0x00008794                chameleon_parse
 .any.text.chameleon_create
                0x000087a4       0x1c contiki-z1.a(chameleon.o)
                0x000087a4                chameleon_create
 .any.text.chameleon_hdrsize
                0x000087c0        0x6 contiki-z1.a(chameleon.o)
                0x000087c0                chameleon_hdrsize
 .any.text.create_frame.isra.0
                0x000087c6      0x110 contiki-z1.a(framer-802154.o)
 .any.text.create
                0x000088d6        0x8 contiki-z1.a(framer-802154.o)
 .any.text.hdr_length
                0x000088de        0x8 contiki-z1.a(framer-802154.o)
 .any.text.parse
                0x000088e6       0xa4 contiki-z1.a(framer-802154.o)
 .any.text.mac_sequence_is_duplicate
                0x0000898a       0x5a contiki-z1.a(mac-sequence.o)
                0x0000898a                mac_sequence_is_duplicate
 .any.text.mac_sequence_register_seqno
                0x000089e4       0x70 contiki-z1.a(mac-sequence.o)
                0x000089e4                mac_sequence_register_seqno
 .any.text.get_bits_in_byte
                0x00008a54       0x36 contiki-z1.a(chameleon-bitop)
 .any.text.header_size
                0x00008a8a       0x16 contiki-z1.a(chameleon-bitop)
 .any.text.get_bits
                0x00008aa0       0x8a contiki-z1.a(chameleon-bitop)
                0x00008aa0                get_bits
 .any.text.unpack_header
                0x00008b2a       0xba contiki-z1.a(chameleon-bitop)
 .any.text.set_bits
                0x00008be4       0xe2 contiki-z1.a(chameleon-bitop)
                0x00008be4                set_bits
 .any.text.pack_header
                0x00008cc6       0xa8 contiki-z1.a(chameleon-bitop)
 .any.text.frame802154_get_pan_id
                0x00008d6e        0x6 contiki-z1.a(frame802154.o)
                0x00008d6e                frame802154_get_pan_id
 .any.text.frame802154_has_panid
                0x00008d74       0xe0 contiki-z1.a(frame802154.o)
                0x00008d74                frame802154_has_panid
 .any.text.field_len
                0x00008e54       0xa8 contiki-z1.a(frame802154.o)
 .any.text.frame802154_is_broadcast_addr
                0x00008efc       0x28 contiki-z1.a(frame802154.o)
                0x00008efc                frame802154_is_broadcast_addr
 .any.text.frame802154_hdrlen
                0x00008f24       0x32 contiki-z1.a(frame802154.o)
                0x00008f24                frame802154_hdrlen
 .any.text.frame802154_create_fcf
                0x00008f56       0x6e contiki-z1.a(frame802154.o)
                0x00008f56                frame802154_create_fcf
 .any.text.frame802154_create
                0x00008fc4       0xd4 contiki-z1.a(frame802154.o)
                0x00008fc4                frame802154_create
 .any.text.frame802154_parse_fcf
                0x00009098       0x8c contiki-z1.a(frame802154.o)
                0x00009098                frame802154_parse_fcf
 .any.text.frame802154_parse
                0x00009124      0x15c contiki-z1.a(frame802154.o)
                0x00009124                frame802154_parse

.rodata         0x00009280      0x671
                0x00009280                . = ALIGN (0x2)
 *(.rodata .rodata.* .gnu.linkonce.r.*)
 .rodata.timedout_runicast
                0x00009280       0x46 computeNode.co
 .rodata.sent_runicast
                0x000092c6       0x34 computeNode.co
 .rodata.process_thread_blink_process
                0x000092fa       0x61 computeNode.co
 .rodata.broadcast_recv
                0x0000935b       0x63 computeNode.co
 .rodata.recv_runicast
                0x000093be       0xe9 computeNode.co
 *fill*         0x000094a7        0x1 00
 .rodata.autostart_processes
                0x000094a8        0x4 computeNode.co
                0x000094a8                autostart_processes
 .rodata        0x000094ac        0xe computeNode.co
 .rodata.broadcast_call
                0x000094ba        0x8 computeNode.co
 .rodata.runicast_callbacks
                0x000094c2        0xc computeNode.co
 .rodata        0x000094ce       0xe1 obj_z1/contiki-z1-main.o
 *fill*         0x000095af        0x1 00
 .rodata.get_value
                0x000095b0       0x44 contiki-z1.a(cc2420.o)
 .rodata.set_value
                0x000095f4       0x20 contiki-z1.a(cc2420.o)
 .rodata.cc2420_driver
                0x00009614       0x38 contiki-z1.a(cc2420.o)
                0x00009614                cc2420_driver
 .rodata        0x0000964c        0xe contiki-z1.a(cc2420.o)
 .rodata.output_power
                0x0000965a       0x10 contiki-z1.a(cc2420.o)
 .rodata        0x0000966a        0x8 contiki-z1.a(sensors.o)
 .rodata        0x00009672       0x25 contiki-z1.a(adxl345.o)
 *fill*         0x00009697        0x1 00
 .rodata.adxl345
                0x00009698        0xe contiki-z1.a(adxl345.o)
                0x00009698                adxl345
 .rodata        0x000096a6        0xe contiki-z1.a(tmp102.o)
 .rodata.tmp102
                0x000096b4        0xe contiki-z1.a(tmp102.o)
                0x000096b4                tmp102
 .rodata        0x000096c2        0xf contiki-z1.a(ctimer.o)
 .rodata        0x000096d1        0xc contiki-z1.a(etimer.o)
 .rodata        0x000096dd        0xe contiki-z1.a(serial-line.o)
 *fill*         0x000096eb        0x1 00
 .rodata.broadcast
                0x000096ec        0x8 contiki-z1.a(broadcast.o)
 .rodata.attributes
                0x000096f4        0x4 contiki-z1.a(broadcast.o)
 .rodata        0x000096f8        0x5 contiki-z1.a(rime.o)
 *fill*         0x000096fd        0x1 00
 .rodata.rime_driver
                0x000096fe        0xa contiki-z1.a(rime.o)
                0x000096fe                rime_driver
 .rodata.runicast
                0x00009708        0x8 contiki-z1.a(runicast.o)
 .rodata.attributes
                0x00009710        0xa contiki-z1.a(runicast.o)
 .rodata.stunicast
                0x0000971a        0x8 contiki-z1.a(stunicast.o)
 .rodata.uc     0x00009722        0x8 contiki-z1.a(unicast.o)
 .rodata.attributes
                0x0000972a        0x6 contiki-z1.a(unicast.o)
 .rodata.linkaddr_null
                0x00009730        0x2 contiki-z1.a(linkaddr.o)
                0x00009730                linkaddr_null
 .rodata        0x00009732        0x5 contiki-z1.a(csma.o)
 *fill*         0x00009737        0x1 00
 .rodata.csma_driver
                0x00009738       0x1a contiki-z1.a(csma.o)
                0x00009738                csma_driver
 .rodata        0x00009752        0xb contiki-z1.a(contikimac.o)
 *fill*         0x0000975d        0x1 00
 .rodata.contikimac_driver
                0x0000975e       0x1e contiki-z1.a(contikimac.o)
                0x0000975e                contikimac_driver
 .rodata.contikimac_framer
                0x0000977c        0xc contiki-z1.a(contikimac-fram)
                0x0000977c                contikimac_framer
 .rodata        0x00009788        0x8 contiki-z1.a(nullsec.o)
 .rodata.nullsec_driver
                0x00009790        0xe contiki-z1.a(nullsec.o)
                0x00009790                nullsec_driver
 .rodata        0x0000979e        0x7 contiki-z1.a(button-sensor.o)
 *fill*         0x000097a5        0x1 00
 .rodata.button_sensor
                0x000097a6        0xe contiki-z1.a(button-sensor.o)
                0x000097a6                button_sensor
 .rodata.attributes
                0x000097b4        0x2 contiki-z1.a(abc.o)
 .rodata.broadcast_callbacks
                0x000097b6        0x8 contiki-z1.a(broadcast-annou)
 .rodata.framer_802154
                0x000097be        0xc contiki-z1.a(framer-802154.o)
                0x000097be                framer_802154
 .rodata.chameleon_bitopt
                0x000097ca        0xc contiki-z1.a(chameleon-bitop)
                0x000097ca                chameleon_bitopt
 .rodata.bitmask
                0x000097d6        0x9 contiki-z1.a(chameleon-bitop)
 .rodata.CSWTCH.16
                0x000097df        0x2 contiki-z1.a(frame802154.o)
 *fill*         0x000097e1        0x1 00
 .rodata        0x000097e2        0x8 /usr/local/msp430/bin/../lib/gcc/msp430/4.7.0/mcpu-430x/mmpy-16/msr20/mc20/libgcc.a(_thenan_sf.o)
                0x000097e2                __thenan_sf
 .rodata        0x000097ea      0x100 /usr/local/msp430/bin/../lib/gcc/msp430/4.7.0/mcpu-430x/mmpy-16/msr20/mc20/libgcc.a(_clz.o)
                0x000097ea                __clz_tab
 .rodata.vuprintf
                0x000098ea        0x7 /usr/local/msp430/bin/../lib/gcc/msp430/4.7.0/../../../../msp430/lib/mcpu-430x/mmpy-16/msr20/mc20/libc.a(vuprintf.o)
 *(.near.rodata .near.rodata.*)
                0x000098f2                . = ALIGN (0x2)
                0x000098f2                _etext = .

.data           0x00001100      0x126 load address 0x000098f2
                0x00001100                . = ALIGN (0x2)
                0x00001100                __data_start = .
 *(.data .data.* .gnu.linkonce.d.*)
 .data.blink_process
                0x00001100        0xc computeNode.co
                0x00001100                blink_process
 .data.history_mem
                0x0000110c        0x8 computeNode.co
 .data.vals     0x00001114       0x3c computeNode.co
 .data.minutes  0x00001150       0x3c computeNode.co
 .data.cur_break
                0x0000118c        0x2 contiki-z1.a(msp430.o)
 .data.cc2420_process
                0x0000118e        0xc contiki-z1.a(cc2420.o)
                0x0000118e                cc2420_process
 .data.send_on_cca
                0x0000119a        0x1 contiki-z1.a(cc2420.o)
 *fill*         0x0000119b        0x1 00
 .data.sensors_process
                0x0000119c        0xc contiki-z1.a(sensors.o)
                0x0000119c                sensors_process
 .data.sensors  0x000011a8        0x8 contiki-z1.a(z1-sensors.o)
                0x000011a8                sensors
 .data.accmeter_process
                0x000011b0        0xc contiki-z1.a(adxl345.o)
                0x000011b0                accmeter_process
 .data.adxl345_default_settings
                0x000011bc       0x16 contiki-z1.a(adxl345.o)
 .data.ctimer_process
                0x000011d2        0xc contiki-z1.a(ctimer.o)
                0x000011d2                ctimer_process
 .data.etimer_process
                0x000011de        0xc contiki-z1.a(etimer.o)
                0x000011de                etimer_process
 .data.serial_line_process
                0x000011ea        0xc contiki-z1.a(serial-line.o)
                0x000011ea                serial_line_process
 .data.buframmem
                0x000011f6        0x8 contiki-z1.a(queuebuf.o)
 .data.bufmem   0x000011fe        0x8 contiki-z1.a(queuebuf.o)
 .data.neighbor_memb
                0x00001206        0x8 contiki-z1.a(csma.o)
 .data.packet_memb
                0x0000120e        0x8 contiki-z1.a(csma.o)
 .data.metadata_memb
                0x00001216        0x8 contiki-z1.a(csma.o)
 .data.prescale_lsb
                0x0000121e        0x1 contiki-z1.a(i2cmaster.o)
                0x0000121e                prescale_lsb
 *fill*         0x0000121f        0x1 00
 .data.mac_pan_id
                0x00001220        0x2 contiki-z1.a(frame802154.o)
 .data.next     0x00001222        0x4 /usr/local/msp430/bin/../lib/gcc/msp430/4.7.0/../../../../msp430/lib/mcpu-430x/mmpy-16/msr20/mc20/libc.a(rand.o)
 *(.near.data .near.data.*)
                0x00001226                . = ALIGN (0x2)
                0x00001226                _edata = .
                0x000098f2                __data_load_start = LOADADDR (.data)
                0x00000126                __data_size = SIZEOF (.data)

.bss            0x00001226      0xb5a load address 0x00009a18
                0x00001226                __bss_start = .
 *(.bss .bss.*)
 .bss.broadcast
                0x00001226        0xc computeNode.co
 .bss.runicast  0x00001232       0x30 computeNode.co
 .bss.et.3820   0x00001262        0xc computeNode.co
 .bss.history_table_list
                0x0000126e        0x2 computeNode.co
 .bss.rss_val   0x00001270        0x1 computeNode.co
 *fill*         0x00001271        0x1 00
 .bss.openValve
                0x00001272        0x2 computeNode.co
 .bss.history_mem_memb_count
                0x00001274        0x4 computeNode.co
 .bss.history_mem_memb_mem
                0x00001278       0x18 computeNode.co
 .bss.irq_energest.3892
                0x00001290        0x4 obj_z1/contiki-z1-main.o
 .bss.leds      0x00001294        0x1 contiki-z1.a(leds.o)
 *fill*         0x00001295        0x1 00
 .bss.counter   0x00001296        0x2 contiki-z1.a(watchdog.o)
 .bss.poll_mode
                0x00001298        0x1 contiki-z1.a(cc2420.o)
 *fill*         0x00001299        0x1 00
 .bss.last_packet_timestamp
                0x0000129a        0x2 contiki-z1.a(cc2420.o)
 .bss.locked    0x0000129c        0x1 contiki-z1.a(cc2420.o)
 .bss.lock_on   0x0000129d        0x1 contiki-z1.a(cc2420.o)
 .bss.lock_off  0x0000129e        0x1 contiki-z1.a(cc2420.o)
 .bss.receive_on
                0x0000129f        0x1 contiki-z1.a(cc2420.o)
 .bss.channel   0x000012a0        0x2 contiki-z1.a(cc2420.o)
 .bss.node_id   0x000012a2        0x2 contiki-z1.a(node-id.o)
                0x000012a2                node_id
 .bss.num_sensors
                0x000012a4        0x1 contiki-z1.a(sensors.o)
 *fill*         0x000012a5        0x1 00
 .bss.i.2088    0x000012a6        0x2 contiki-z1.a(sensors.o)
 .bss.events.2089
                0x000012a8        0x2 contiki-z1.a(sensors.o)
 .bss.transmitting
                0x000012aa        0x1 contiki-z1.a(uart0.o)
 *fill*         0x000012ab        0x1 00
 .bss.uart0_input_handler
                0x000012ac        0x4 contiki-z1.a(uart0.o)
 .bss.enabled   0x000012b0        0x1 contiki-z1.a(adxl345.o)
 *fill*         0x000012b1        0x1 00
 .bss.int1_mask
                0x000012b2        0x2 contiki-z1.a(adxl345.o)
 .bss.int2_mask
                0x000012b4        0x2 contiki-z1.a(adxl345.o)
 .bss.suppressTimer1
                0x000012b6        0x8 contiki-z1.a(adxl345.o)
 .bss.suppressTimer2
                0x000012be        0x8 contiki-z1.a(adxl345.o)
 .bss.enabled   0x000012c6        0x1 contiki-z1.a(tmp102.o)
 *fill*         0x000012c7        0x1 00
 .bss.last_tar  0x000012c8        0x2 contiki-z1.a(clock.o)
 .bss.count     0x000012ca        0x4 contiki-z1.a(clock.o)
 .bss.seconds   0x000012ce        0x4 contiki-z1.a(clock.o)
 .bss.initialized
                0x000012d2        0x1 contiki-z1.a(ctimer.o)
 *fill*         0x000012d3        0x1 00
 .bss.ctimer_list_list
                0x000012d4        0x2 contiki-z1.a(ctimer.o)
 .bss.timerlist
                0x000012d6        0x2 contiki-z1.a(etimer.o)
 .bss.next_expiration
                0x000012d8        0x4 contiki-z1.a(etimer.o)
 .bss.poll_requested
                0x000012dc        0x1 contiki-z1.a(process.o)
 *fill*         0x000012dd        0x1 00
 .bss.process_current
                0x000012de        0x2 contiki-z1.a(process.o)
                0x000012de                process_current
 .bss.process_list
                0x000012e0        0x2 contiki-z1.a(process.o)
                0x000012e0                process_list
 .bss.lastevent
                0x000012e2        0x1 contiki-z1.a(process.o)
 .bss.fevent    0x000012e3        0x1 contiki-z1.a(process.o)
 .bss.nevents   0x000012e4        0x1 contiki-z1.a(process.o)
 *fill*         0x000012e5        0x1 00
 .bss.events    0x000012e6       0x30 contiki-z1.a(process.o)
 .bss.next_rtimer
                0x00001316        0x2 contiki-z1.a(rtimer.o)
 .bss.overflow.2066
                0x00001318        0x1 contiki-z1.a(serial-line.o)
 *fill*         0x00001319        0x1 00
 .bss.rxbuf     0x0000131a        0x6 contiki-z1.a(serial-line.o)
 .bss.ptr.2073  0x00001320        0x2 contiki-z1.a(serial-line.o)
 .bss.buf.2072  0x00001322       0x80 contiki-z1.a(serial-line.o)
 .bss.rxbuf_data
                0x000013a2       0x80 contiki-z1.a(serial-line.o)
 .bss.channel_list_list
                0x00001422        0x2 contiki-z1.a(channel.o)
 .bss.sniffers_list
                0x00001424        0x2 contiki-z1.a(rime.o)
 .bss.bufptr    0x00001426        0x2 contiki-z1.a(packetbuf.o)
 .bss.buflen    0x00001428        0x2 contiki-z1.a(packetbuf.o)
 .bss.hdrlen    0x0000142a        0x1 contiki-z1.a(packetbuf.o)
 *fill*         0x0000142b        0x1 00
 .bss.packetbuf_aligned
                0x0000142c       0x80 contiki-z1.a(packetbuf.o)
 .bss.buframmem_memb_count
                0x000014ac        0x8 contiki-z1.a(queuebuf.o)
 .bss.buframmem_memb_mem
                0x000014b4      0x5f0 contiki-z1.a(queuebuf.o)
 .bss.bufmem_memb_count
                0x00001aa4        0x8 contiki-z1.a(queuebuf.o)
 .bss.bufmem_memb_mem
                0x00001aac       0x10 contiki-z1.a(queuebuf.o)
 .bss.initialized.2923
                0x00001abc        0x1 contiki-z1.a(csma.o)
 *fill*         0x00001abd        0x1 00
 .bss.seqno.2924
                0x00001abe        0x2 contiki-z1.a(csma.o)
 .bss.neighbor_list_list
                0x00001ac0        0x2 contiki-z1.a(csma.o)
 .bss.neighbor_memb_memb_count
                0x00001ac2        0x2 contiki-z1.a(csma.o)
 .bss.neighbor_memb_memb_mem
                0x00001ac4       0x40 contiki-z1.a(csma.o)
 .bss.packet_memb_memb_count
                0x00001b04        0x8 contiki-z1.a(csma.o)
 .bss.packet_memb_memb_mem
                0x00001b0c       0x30 contiki-z1.a(csma.o)
 .bss.metadata_memb_memb_count
                0x00001b3c        0x8 contiki-z1.a(csma.o)
 .bss.metadata_memb_memb_mem
                0x00001b44       0x40 contiki-z1.a(csma.o)
 .bss.cycle_start
                0x00001b84        0x2 contiki-z1.a(contikimac.o)
 .bss.radio_is_on
                0x00001b86        0x1 contiki-z1.a(contikimac.o)
 .bss.we_are_sending
                0x00001b87        0x1 contiki-z1.a(contikimac.o)
 .bss.contikimac_keep_radio_on
                0x00001b88        0x1 contiki-z1.a(contikimac.o)
 .bss.contikimac_is_on
                0x00001b89        0x1 contiki-z1.a(contikimac.o)
 .bss.rt        0x00001b8a        0x8 contiki-z1.a(contikimac.o)
 .bss.pt        0x00001b92        0x2 contiki-z1.a(contikimac.o)
 .bss.packet_seen.3645
                0x00001b94        0x1 contiki-z1.a(contikimac.o)
 .bss.count.3646
                0x00001b95        0x1 contiki-z1.a(contikimac.o)
 .bss.we_are_receiving_burst
                0x00001b96        0x2 contiki-z1.a(contikimac.o)
 .bss.start.3651
                0x00001b98        0x2 contiki-z1.a(contikimac.o)
 .bss.silence_periods.3652
                0x00001b9a        0x1 contiki-z1.a(contikimac.o)
 .bss.periods.3653
                0x00001b9b        0x1 contiki-z1.a(contikimac.o)
 .bss.ct.3726   0x00001b9c       0x16 contiki-z1.a(contikimac.o)
 .bss.current_packet
                0x00001bb2        0x8 contiki-z1.a(contikimac.o)
 .bss.tx_byte_tot
                0x00001bba        0x1 contiki-z1.a(i2cmaster.o)
 .bss.rx_byte_tot
                0x00001bbb        0x1 contiki-z1.a(i2cmaster.o)
 .bss.prescale_msb
                0x00001bbc        0x1 contiki-z1.a(i2cmaster.o)
                0x00001bbc                prescale_msb
 *fill*         0x00001bbd        0x1 00
 .bss.debouncetimer
                0x00001bbe        0x8 contiki-z1.a(button-sensor.o)
 .bss.last_listen.2558
                0x00001bc6        0x4 contiki-z1.a(compower.o)
 .bss.last_transmit.2559
                0x00001bca        0x4 contiki-z1.a(compower.o)
 .bss.announcements_list
                0x00001bce        0x2 contiki-z1.a(announcement.o)
 .bss.observer_callback
                0x00001bd0        0x4 contiki-z1.a(announcement.o)
 .bss.c         0x00001bd4       0x4a contiki-z1.a(broadcast-annou)
 .bss.initialized
                0x00001c1e        0x1 contiki-z1.a(framer-802154.o)
 .bss.mac_dsn   0x00001c1f        0x1 contiki-z1.a(framer-802154.o)
 .bss.received_seqnos
                0x00001c20       0x80 contiki-z1.a(mac-sequence.o)
 *(.near.bss .near.bss.*)
 *(COMMON)
 COMMON         0x00001ca0        0xb computeNode.co
                0x00001ca0                x
                0x00001ca2                n
                0x00001ca4                hello
                0x00001caa                y
 *fill*         0x00001cab        0x1 00
 COMMON         0x00001cac        0x2 contiki-z1.a(msp430.o)
                0x00001cac                msp430_dco_required
 COMMON         0x00001cae       0x10 contiki-z1.a(cc2420.o)
                0x00001cae                cc2420_last_rssi
                0x00001cb0                cc2420_sfd_start_time
                0x00001cb2                cc2420_time_of_departure
                0x00001cb4                cc2420_time_of_arrival
                0x00001cb6                cc2420_last_correlation
                0x00001cb8                cc2420_authority_level_of_sender
                0x00001cba                cc2420_sfd_counter
                0x00001cbc                cc2420_sfd_end_time
 COMMON         0x00001cbe        0x8 contiki-z1.a(node-id.o)
                0x00001cbe                node_mac
 COMMON         0x00001cc6        0x1 contiki-z1.a(sensors.o)
                0x00001cc6                sensors_event
 COMMON         0x00001cc7        0x4 contiki-z1.a(z1-sensors.o)
                0x00001cc7                sensors_flags
 *fill*         0x00001ccb        0x1 00
 COMMON         0x00001ccc        0x8 contiki-z1.a(adxl345.o)
                0x00001ccc                accm_int2_cb
                0x00001cd0                accm_int1_cb
 COMMON         0x00001cd4       0x56 contiki-z1.a(energest.o)
                0x00001cd4                energest_total_time
                0x00001d04                energest_total_count
                0x00001d06                energest_current_mode
                0x00001d12                energest_current_time
 COMMON         0x00001d2a        0x1 contiki-z1.a(process.o)
                0x00001d2a                process_maxevents
 COMMON         0x00001d2b        0x1 contiki-z1.a(serial-line.o)
                0x00001d2b                serial_line_event_message
 COMMON         0x00001d2c        0x2 contiki-z1.a(linkaddr.o)
                0x00001d2c                linkaddr_node_addr
 COMMON         0x00001d2e       0x3c contiki-z1.a(packetbuf.o)
                0x00001d2e                packetbuf_addrs
                0x00001d36                packetbuf_attrs
 COMMON         0x00001d6a        0xe contiki-z1.a(i2cmaster.o)
                0x00001d6a                transmit_data1
                0x00001d6b                rx_byte_ctr
                0x00001d6c                tx_buf_ptr
                0x00001d6e                tx_byte_ctr
                0x00001d70                i
                0x00001d72                receive_data
                0x00001d73                rx_buf
                0x00001d75                transmit_data2
                0x00001d76                rx_buf_ptr
 COMMON         0x00001d78        0x8 contiki-z1.a(compower.o)
                0x00001d78                compower_idle_activity
                0x00001d80                . = ALIGN (0x2)
                0x00001d80                __bss_end = .
                0x00000b5a                __bss_size = SIZEOF (.bss)

.noinit         0x00001d80        0x2 load address 0x00009a18
                0x00001d80                . = ALIGN (0x2)
                0x00001d80                __noinit_start = .
 *(.noinit .noinit.*)
 .noinit.crt0   0x00001d80        0x2 /usr/local/msp430/bin/../lib/gcc/msp430/4.7.0/mcpu-430x/mmpy-16/msr20/mc20/libcrt0.a(__watchdog_support.o)
                0x00001d80                __wdt_clear_value
                0x00001d82                . = ALIGN (0x2)
                0x00001d82                __noinit_end = .
                0x00001d82                . = ALIGN (0x2)
                0x00001d82                _end = .

.infomem        0x00001000        0x0
                0x00001000                . = ALIGN (0x2)
 *(.infomem .infomem.*)

.infomemnobits  0x00001000        0x0
                0x00001000                . = ALIGN (0x2)
 *(.infomemnobits .infomemnobits.*)

.infoa          0x000010c0        0x0
                0x000010c0                . = ALIGN (0x2)
 *(.infoa .infoa.*)

.infob          0x00001080        0x0
                0x00001080                . = ALIGN (0x2)
 *(.infob .infob.*)

.infoc          0x00001040        0x0
                0x00001040                . = ALIGN (0x2)
 *(.infoc .infoc.*)

.infod          0x00001000        0x0
                0x00001000                . = ALIGN (0x2)
 *(.infod .infod.*)

.vectors        0x0000ffc0       0x40
                0x0000ffc0                __vectors_start = .
 *(.vectors*)
 .vectors       0x0000ffc0       0x40 /usr/local/msp430/bin/../lib/gcc/msp430/4.7.0/mcpu-430x/mmpy-16/msr20/mc20/crt0ivtbl32.o
                0x0000ffc0                __ivtbl_32
                0x00010000                _vectors_end = .

.fartext        0x00010000        0x0
                0x00010000                . = ALIGN (0x2)
 *(.fartext .fartext.*)

.far.text       0x00010000        0x0
                0x00010000                . = ALIGN (0x2)
 *(.far.text .far.text.*)

.far.rodata     0x00010000        0x0
                0x00010000                . = ALIGN (0x2)
 *(.far.rodata .far.rodata.*)
                0x00010000                . = ALIGN (0x2)
                0x00010000                _efartext = .

.far.data       0x00000000        0x0 load address 0x00010000
                0x00000000                . = ALIGN (0x2)
                0x00000000                __far_data_start = .
 *(.far.data .far.data.*)
                0x00000000                . = ALIGN (0x2)
                0x00000000                _efardata = .
                0x00010000                __far_data_load_start = LOADADDR (.far.data)
                0x00000000                __far_data_size = SIZEOF (.far.data)

.far.bss        0x00000000        0x0 load address 0x00010000
                0x00000000                . = ALIGN (0x2)
                0x00000000                __far_bss_start = .
 *(.far.bss .far.bss.*)
                0x00000000                . = ALIGN (0x2)
                0x00000000                __far_bss_end = .
                0x00000000                __far_bss_size = SIZEOF (.far.bss)
                0x00000000                . = ALIGN (0x2)
                0x00000000                _far_end = .

.profiler
 *(.profiler)

.stab           0x00000000    0x1ccbc
 *(.stab)
 .stab          0x00000000     0x183c computeNode.co
 .stab          0x0000183c     0x1044 obj_z1/contiki-z1-main.o
                               0x17f4 (size before relaxing)
 .stab          0x00002880      0x234 contiki-z1.a(contiki-z1-plat)
                                0x5ac (size before relaxing)
 .stab          0x00002ab4      0x570 contiki-z1.a(msp430.o)
                                0x8dc (size before relaxing)
 .stab          0x00003024      0x5a0 contiki-z1.a(leds.o)
                                0x804 (size before relaxing)
 .stab          0x000035c4      0x3cc contiki-z1.a(watchdog.o)
                                0x738 (size before relaxing)
 .stab          0x00003990      0x99c contiki-z1.a(xmem.o)
                                0xef4 (size before relaxing)
 .stab          0x0000432c      0x27c contiki-z1.a(spi.o)
                                0x5e8 (size before relaxing)
 .stab          0x000045a8     0x28b0 contiki-z1.a(cc2420.o)
                               0x2ff4 (size before relaxing)
 .stab          0x00006e58      0x9d8 contiki-z1.a(cc2420-arch.o)
                               0x1380 (size before relaxing)
 .stab          0x00007830      0x300 contiki-z1.a(node-id.o)
                                0x6f0 (size before relaxing)
 .stab          0x00007b30      0x69c contiki-z1.a(sensors.o)
                                0xbd0 (size before relaxing)
 .stab          0x000081cc      0x4f8 contiki-z1.a(uart0.o)
                                0xa44 (size before relaxing)
 .stab          0x000086c4      0x234 contiki-z1.a(uart0-putchar.o)
                                0x5a0 (size before relaxing)
 .stab          0x000088f8      0x3a8 contiki-z1.a(z1-sensors.o)
                                0x7a4 (size before relaxing)
 .stab          0x00008ca0      0xd5c contiki-z1.a(adxl345.o)
                               0x13a4 (size before relaxing)
 .stab          0x000099fc      0x810 contiki-z1.a(tmp102.o)
                                0xd80 (size before relaxing)
 .stab          0x0000a20c      0x930 contiki-z1.a(clock.o)
                                0xc9c (size before relaxing)
 .stab          0x0000ab3c      0x378 contiki-z1.a(leds-arch.o)
                                0x6e4 (size before relaxing)
 .stab          0x0000aeb4      0x3b4 contiki-z1.a(rtimer-arch.o)
                                0x720 (size before relaxing)
 .stab          0x0000b268      0x294 contiki-z1.a(autostart.o)
                                0x54c (size before relaxing)
 .stab          0x0000b4fc      0x834 contiki-z1.a(ctimer.o)
                                0xbb8 (size before relaxing)
 .stab          0x0000bd30      0x48c contiki-z1.a(energest.o)
                                0x72c (size before relaxing)
 .stab          0x0000c1bc      0xa80 contiki-z1.a(etimer.o)
                                0xd68 (size before relaxing)
 .stab          0x0000cc3c      0xb94 contiki-z1.a(process.o)
                               0x1044 (size before relaxing)
 .stab          0x0000d7d0      0x3cc contiki-z1.a(rtimer.o)
                                0x6cc (size before relaxing)
 .stab          0x0000db9c      0x348 contiki-z1.a(timer.o)
                                0x5a0 (size before relaxing)
 .stab          0x0000dee4      0x51c contiki-z1.a(serial-line.o)
                                0xa50 (size before relaxing)
 .stab          0x0000e400      0x7bc contiki-z1.a(list.o)
                                0x7c8 (size before relaxing)
 .stab          0x0000ebbc      0x5c4 contiki-z1.a(memb.o)
                                0xb10 (size before relaxing)
 .stab          0x0000f180      0x21c contiki-z1.a(random.o)
                                0x630 (size before relaxing)
 .stab          0x0000f39c      0x3f0 contiki-z1.a(ringbuf.o)
                                0x648 (size before relaxing)
 .stab          0x0000f78c      0x6cc contiki-z1.a(broadcast.o)
                               0x150c (size before relaxing)
 .stab          0x0000fe58      0x654 contiki-z1.a(channel.o)
                               0x1290 (size before relaxing)
 .stab          0x000104ac      0xba0 contiki-z1.a(rime.o)
                               0x1404 (size before relaxing)
 .stab          0x0001104c      0x8e8 contiki-z1.a(runicast.o)
                               0x1584 (size before relaxing)
 .stab          0x00011934      0x87c contiki-z1.a(stunicast.o)
                               0x1518 (size before relaxing)
 .stab          0x000121b0      0x618 contiki-z1.a(unicast.o)
                               0x12a8 (size before relaxing)
 .stab          0x000127c8      0x2ac contiki-z1.a(linkaddr.o)
                                0x6c0 (size before relaxing)
 .stab          0x00012a74      0xc9c contiki-z1.a(packetbuf.o)
                               0x1af4 (size before relaxing)
 .stab          0x00013710      0xa38 contiki-z1.a(queuebuf.o)
                               0x1878 (size before relaxing)
 .stab          0x00014148      0xcf0 contiki-z1.a(csma.o)
                               0x1698 (size before relaxing)
 .stab          0x00014e38      0x1f8 contiki-z1.a(mac.o)
                                0x504 (size before relaxing)
 .stab          0x00015030     0x1788 contiki-z1.a(contikimac.o)
                               0x2364 (size before relaxing)
 .stab          0x000167b8      0x810 contiki-z1.a(contikimac-fram)
                                0xe64 (size before relaxing)
 .stab          0x00016fc8      0x39c contiki-z1.a(nullsec.o)
                                0xce4 (size before relaxing)
 .stab          0x00017364      0x84c contiki-z1.a(i2cmaster.o)
                                0xbb8 (size before relaxing)
 .stab          0x00017bb0      0x468 contiki-z1.a(button-sensor.o)
                                0x7ec (size before relaxing)
 .stab          0x00018018      0x4ec contiki-z1.a(compower.o)
                                0xd08 (size before relaxing)
 .stab          0x00018504      0x660 contiki-z1.a(abc.o)
                               0x14a0 (size before relaxing)
 .stab          0x00018b64      0x6b4 contiki-z1.a(announcement.o)
                                0x96c (size before relaxing)
 .stab          0x00019218      0x948 contiki-z1.a(broadcast-annou)
                               0x15d8 (size before relaxing)
 .stab          0x00019b60      0x588 contiki-z1.a(chameleon.o)
                               0x1248 (size before relaxing)
 .stab          0x0001a0e8      0x6d8 contiki-z1.a(framer-802154.o)
                                0xf30 (size before relaxing)
 .stab          0x0001a7c0      0x648 contiki-z1.a(mac-sequence.o)
                               0x14a0 (size before relaxing)
 .stab          0x0001ae08      0xd38 contiki-z1.a(chameleon-bitop)
                               0x19c8 (size before relaxing)
 .stab          0x0001bb40     0x117c contiki-z1.a(frame802154.o)
                               0x1980 (size before relaxing)

.stabstr        0x00000000    0x166cd
 *(.stabstr)
 .stabstr       0x00000000    0x166cd computeNode.co

.stab.excl
 *(.stab.excl)

.stab.exclstr
 *(.stab.exclstr)

.stab.index
 *(.stab.index)

.stab.indexstr
 *(.stab.indexstr)

.comment        0x00000000       0x30
 *(.comment)
 .comment       0x00000000       0x30 computeNode.co
                                 0x31 (size before relaxing)
 .comment       0x00000000       0x31 obj_z1/contiki-z1-main.o
 .comment       0x00000000       0x31 contiki-z1.a(contiki-z1-plat)
 .comment       0x00000000       0x31 contiki-z1.a(msp430.o)
 .comment       0x00000000       0x31 contiki-z1.a(leds.o)
 .comment       0x00000000       0x31 contiki-z1.a(watchdog.o)
 .comment       0x00000000       0x31 contiki-z1.a(xmem.o)
 .comment       0x00000000       0x31 contiki-z1.a(spi.o)
 .comment       0x00000000       0x31 contiki-z1.a(cc2420.o)
 .comment       0x00000000       0x31 contiki-z1.a(cc2420-arch.o)
 .comment       0x00000000       0x31 contiki-z1.a(node-id.o)
 .comment       0x00000000       0x31 contiki-z1.a(sensors.o)
 .comment       0x00000000       0x31 contiki-z1.a(uart0.o)
 .comment       0x00000000       0x31 contiki-z1.a(uart0-putchar.o)
 .comment       0x00000000       0x31 contiki-z1.a(z1-sensors.o)
 .comment       0x00000000       0x31 contiki-z1.a(adxl345.o)
 .comment       0x00000000       0x31 contiki-z1.a(tmp102.o)
 .comment       0x00000000       0x31 contiki-z1.a(clock.o)
 .comment       0x00000000       0x31 contiki-z1.a(leds-arch.o)
 .comment       0x00000000       0x31 contiki-z1.a(rtimer-arch.o)
 .comment       0x00000000       0x31 contiki-z1.a(autostart.o)
 .comment       0x00000000       0x31 contiki-z1.a(ctimer.o)
 .comment       0x00000000       0x31 contiki-z1.a(energest.o)
 .comment       0x00000000       0x31 contiki-z1.a(etimer.o)